Archive member included to satisfy reference by file (symbol)

/usr/lib/gcc/avr/4.9.2/avr35/libgcc.a(_mulhi3.o)
                              LUFA/Drivers/USB/Class/Common/HIDParser.o (__mulhi3)
/usr/lib/gcc/avr/4.9.2/avr35/libgcc.a(_exit.o)
                              /usr/lib/gcc/avr/4.9.2/../../../../avr/lib/avr35/crtm32u2.o (exit)
/usr/lib/gcc/avr/4.9.2/avr35/libgcc.a(_copy_data.o)
                              Sgen-Firmware.o (__do_copy_data)
/usr/lib/gcc/avr/4.9.2/avr35/libgcc.a(_clear_bss.o)
                              Sgen-Firmware.o (__do_clear_bss)
/usr/lib/gcc/avr/4.9.2/../../../../avr/lib/avr35/libc.a(memcpy_P.o)
                              LUFA/Drivers/USB/Class/Device/RNDISClassDevice.o (memcpy_P)
/usr/lib/gcc/avr/4.9.2/../../../../avr/lib/avr35/libc.a(memcmp.o)
                              LUFA/Drivers/USB/Class/Device/HIDClassDevice.o (memcmp)
/usr/lib/gcc/avr/4.9.2/../../../../avr/lib/avr35/libc.a(memcpy.o)
                              LUFA/Drivers/USB/Class/Device/HIDClassDevice.o (memcpy)
/usr/lib/gcc/avr/4.9.2/../../../../avr/lib/avr35/libc.a(memset.o)
                              LUFA/Drivers/USB/Class/Device/HIDClassDevice.o (memset)
/usr/lib/gcc/avr/4.9.2/../../../../avr/lib/avr35/libc.a(eerd_byte_atmega32u2.o)
                              LUFA/Drivers/USB/Core/AVR8/EndpointStream_AVR8.o (__eerd_byte_m32u2)
/usr/lib/gcc/avr/4.9.2/../../../../avr/lib/avr35/libc.a(eeupd_byte_atmega32u2.o)
                              LUFA/Drivers/USB/Core/AVR8/EndpointStream_AVR8.o (__eeupd_byte_m32u2)

Allocating common symbols
Common symbol       size              file

USB_IsInitialized   0x1               LUFA/Drivers/USB/Core/USBTask.o
USB_DeviceState     0x1               LUFA/Drivers/USB/Core/USBTask.o
USB_Device_ConfigurationNumber
                    0x1               LUFA/Drivers/USB/Core/DeviceStandardReq.o
USB_Device_CurrentlySelfPowered
                    0x1               LUFA/Drivers/USB/Core/DeviceStandardReq.o
USB_ControlRequest  0x8               LUFA/Drivers/USB/Core/USBTask.o
USB_Device_RemoteWakeupEnabled
                    0x1               LUFA/Drivers/USB/Core/DeviceStandardReq.o

Discarded input sections

 .data          0x0000000000000000        0x0 /usr/lib/gcc/avr/4.9.2/../../../../avr/lib/avr35/crtm32u2.o
 .bss           0x0000000000000000        0x0 /usr/lib/gcc/avr/4.9.2/../../../../avr/lib/avr35/crtm32u2.o
 .text          0x0000000000000000        0x0 Sgen-Firmware.o
 .text          0x0000000000000000        0x0 Descriptors.o
 .data          0x0000000000000000        0x0 Descriptors.o
 .bss           0x0000000000000000        0x0 Descriptors.o
 .text          0x0000000000000000        0x0 LUFA/Drivers/USB/Class/Common/HIDParser.o
 .data          0x0000000000000000        0x0 LUFA/Drivers/USB/Class/Common/HIDParser.o
 .bss           0x0000000000000000        0x0 LUFA/Drivers/USB/Class/Common/HIDParser.o
 .text.USB_ProcessHIDReport
                0x0000000000000000      0x6fa LUFA/Drivers/USB/Class/Common/HIDParser.o
 .text.USB_GetHIDReportItemInfo
                0x0000000000000000       0xbc LUFA/Drivers/USB/Class/Common/HIDParser.o
 .text.USB_SetHIDReportItemInfo
                0x0000000000000000       0xce LUFA/Drivers/USB/Class/Common/HIDParser.o
 .text.USB_GetHIDReportSize
                0x0000000000000000       0x54 LUFA/Drivers/USB/Class/Common/HIDParser.o
 .debug_info    0x0000000000000000      0x738 LUFA/Drivers/USB/Class/Common/HIDParser.o
 .debug_abbrev  0x0000000000000000      0x21e LUFA/Drivers/USB/Class/Common/HIDParser.o
 .debug_loc     0x0000000000000000      0xa92 LUFA/Drivers/USB/Class/Common/HIDParser.o
 .debug_aranges
                0x0000000000000000       0x38 LUFA/Drivers/USB/Class/Common/HIDParser.o
 .debug_ranges  0x0000000000000000       0xd0 LUFA/Drivers/USB/Class/Common/HIDParser.o
 .debug_line    0x0000000000000000      0x224 LUFA/Drivers/USB/Class/Common/HIDParser.o
 .debug_str     0x0000000000000000      0x6da LUFA/Drivers/USB/Class/Common/HIDParser.o
 .comment       0x0000000000000000       0x28 LUFA/Drivers/USB/Class/Common/HIDParser.o
 .debug_frame   0x0000000000000000      0x128 LUFA/Drivers/USB/Class/Common/HIDParser.o
 .text          0x0000000000000000        0x0 LUFA/Drivers/USB/Core/AVR8/Device_AVR8.o
 .data          0x0000000000000000        0x0 LUFA/Drivers/USB/Core/AVR8/Device_AVR8.o
 .bss           0x0000000000000000        0x0 LUFA/Drivers/USB/Core/AVR8/Device_AVR8.o
 .text.USB_Device_SendRemoteWakeup
                0x0000000000000000       0x2c LUFA/Drivers/USB/Core/AVR8/Device_AVR8.o
 .debug_info    0x0000000000000000       0xd2 LUFA/Drivers/USB/Core/AVR8/Device_AVR8.o
 .debug_abbrev  0x0000000000000000       0x80 LUFA/Drivers/USB/Core/AVR8/Device_AVR8.o
 .debug_aranges
                0x0000000000000000       0x20 LUFA/Drivers/USB/Core/AVR8/Device_AVR8.o
 .debug_ranges  0x0000000000000000       0x10 LUFA/Drivers/USB/Core/AVR8/Device_AVR8.o
 .debug_line    0x0000000000000000       0xdb LUFA/Drivers/USB/Core/AVR8/Device_AVR8.o
 .debug_str     0x0000000000000000      0x216 LUFA/Drivers/USB/Core/AVR8/Device_AVR8.o
 .comment       0x0000000000000000       0x28 LUFA/Drivers/USB/Core/AVR8/Device_AVR8.o
 .debug_frame   0x0000000000000000       0x24 LUFA/Drivers/USB/Core/AVR8/Device_AVR8.o
 .text          0x0000000000000000        0x0 LUFA/Drivers/USB/Core/AVR8/EndpointStream_AVR8.o
 .data          0x0000000000000000        0x0 LUFA/Drivers/USB/Core/AVR8/EndpointStream_AVR8.o
 .bss           0x0000000000000000        0x0 LUFA/Drivers/USB/Core/AVR8/EndpointStream_AVR8.o
 .text.Endpoint_Discard_Stream
                0x0000000000000000       0x80 LUFA/Drivers/USB/Core/AVR8/EndpointStream_AVR8.o
 .text.Endpoint_Null_Stream
                0x0000000000000000       0x80 LUFA/Drivers/USB/Core/AVR8/EndpointStream_AVR8.o
 .text.Endpoint_Write_Stream_BE
                0x0000000000000000       0xa6 LUFA/Drivers/USB/Core/AVR8/EndpointStream_AVR8.o
 .text.Endpoint_Read_Stream_LE
                0x0000000000000000       0x9a LUFA/Drivers/USB/Core/AVR8/EndpointStream_AVR8.o
 .text.Endpoint_Read_Stream_BE
                0x0000000000000000       0xa6 LUFA/Drivers/USB/Core/AVR8/EndpointStream_AVR8.o
 .text.Endpoint_Write_PStream_LE
                0x0000000000000000       0xa0 LUFA/Drivers/USB/Core/AVR8/EndpointStream_AVR8.o
 .text.Endpoint_Write_PStream_BE
                0x0000000000000000       0xa8 LUFA/Drivers/USB/Core/AVR8/EndpointStream_AVR8.o
 .text.Endpoint_Write_EStream_LE
                0x0000000000000000       0xa0 LUFA/Drivers/USB/Core/AVR8/EndpointStream_AVR8.o
 .text.Endpoint_Write_EStream_BE
                0x0000000000000000       0xaa LUFA/Drivers/USB/Core/AVR8/EndpointStream_AVR8.o
 .text.Endpoint_Read_EStream_LE
                0x0000000000000000       0xa0 LUFA/Drivers/USB/Core/AVR8/EndpointStream_AVR8.o
 .text.Endpoint_Read_EStream_BE
                0x0000000000000000       0xaa LUFA/Drivers/USB/Core/AVR8/EndpointStream_AVR8.o
 .text.Endpoint_Write_Control_Stream_BE
                0x0000000000000000       0xca LUFA/Drivers/USB/Core/AVR8/EndpointStream_AVR8.o
 .text.Endpoint_Read_Control_Stream_BE
                0x0000000000000000       0x7a LUFA/Drivers/USB/Core/AVR8/EndpointStream_AVR8.o
 .text.Endpoint_Write_Control_PStream_BE
                0x0000000000000000       0xc8 LUFA/Drivers/USB/Core/AVR8/EndpointStream_AVR8.o
 .text.Endpoint_Write_Control_EStream_LE
                0x0000000000000000       0xee LUFA/Drivers/USB/Core/AVR8/EndpointStream_AVR8.o
 .text.Endpoint_Write_Control_EStream_BE
                0x0000000000000000       0xfa LUFA/Drivers/USB/Core/AVR8/EndpointStream_AVR8.o
 .text.Endpoint_Read_Control_EStream_LE
                0x0000000000000000       0x8c LUFA/Drivers/USB/Core/AVR8/EndpointStream_AVR8.o
 .text.Endpoint_Read_Control_EStream_BE
                0x0000000000000000       0x8a LUFA/Drivers/USB/Core/AVR8/EndpointStream_AVR8.o
 .text          0x0000000000000000        0x0 LUFA/Drivers/USB/Core/AVR8/Endpoint_AVR8.o
 .data          0x0000000000000000        0x0 LUFA/Drivers/USB/Core/AVR8/Endpoint_AVR8.o
 .bss           0x0000000000000000        0x0 LUFA/Drivers/USB/Core/AVR8/Endpoint_AVR8.o
 .text.Endpoint_ClearEndpoints
                0x0000000000000000       0x28 LUFA/Drivers/USB/Core/AVR8/Endpoint_AVR8.o
 .text          0x0000000000000000        0x0 LUFA/Drivers/USB/Core/AVR8/Host_AVR8.o
 .data          0x0000000000000000        0x0 LUFA/Drivers/USB/Core/AVR8/Host_AVR8.o
 .bss           0x0000000000000000        0x0 LUFA/Drivers/USB/Core/AVR8/Host_AVR8.o
 .debug_info    0x0000000000000000       0x56 LUFA/Drivers/USB/Core/AVR8/Host_AVR8.o
 .debug_abbrev  0x0000000000000000       0x26 LUFA/Drivers/USB/Core/AVR8/Host_AVR8.o
 .debug_aranges
                0x0000000000000000       0x18 LUFA/Drivers/USB/Core/AVR8/Host_AVR8.o
 .debug_line    0x0000000000000000       0x1d LUFA/Drivers/USB/Core/AVR8/Host_AVR8.o
 .debug_str     0x0000000000000000      0x1b5 LUFA/Drivers/USB/Core/AVR8/Host_AVR8.o
 .comment       0x0000000000000000       0x28 LUFA/Drivers/USB/Core/AVR8/Host_AVR8.o
 .text          0x0000000000000000        0x0 LUFA/Drivers/USB/Core/AVR8/PipeStream_AVR8.o
 .data          0x0000000000000000        0x0 LUFA/Drivers/USB/Core/AVR8/PipeStream_AVR8.o
 .bss           0x0000000000000000        0x0 LUFA/Drivers/USB/Core/AVR8/PipeStream_AVR8.o
 .debug_info    0x0000000000000000       0x56 LUFA/Drivers/USB/Core/AVR8/PipeStream_AVR8.o
 .debug_abbrev  0x0000000000000000       0x26 LUFA/Drivers/USB/Core/AVR8/PipeStream_AVR8.o
 .debug_aranges
                0x0000000000000000       0x18 LUFA/Drivers/USB/Core/AVR8/PipeStream_AVR8.o
 .debug_line    0x0000000000000000       0x1d LUFA/Drivers/USB/Core/AVR8/PipeStream_AVR8.o
 .debug_str     0x0000000000000000      0x1bb LUFA/Drivers/USB/Core/AVR8/PipeStream_AVR8.o
 .comment       0x0000000000000000       0x28 LUFA/Drivers/USB/Core/AVR8/PipeStream_AVR8.o
 .text          0x0000000000000000        0x0 LUFA/Drivers/USB/Core/AVR8/Pipe_AVR8.o
 .data          0x0000000000000000        0x0 LUFA/Drivers/USB/Core/AVR8/Pipe_AVR8.o
 .bss           0x0000000000000000        0x0 LUFA/Drivers/USB/Core/AVR8/Pipe_AVR8.o
 .debug_info    0x0000000000000000       0x56 LUFA/Drivers/USB/Core/AVR8/Pipe_AVR8.o
 .debug_abbrev  0x0000000000000000       0x26 LUFA/Drivers/USB/Core/AVR8/Pipe_AVR8.o
 .debug_aranges
                0x0000000000000000       0x18 LUFA/Drivers/USB/Core/AVR8/Pipe_AVR8.o
 .debug_line    0x0000000000000000       0x1d LUFA/Drivers/USB/Core/AVR8/Pipe_AVR8.o
 .debug_str     0x0000000000000000      0x1b5 LUFA/Drivers/USB/Core/AVR8/Pipe_AVR8.o
 .comment       0x0000000000000000       0x28 LUFA/Drivers/USB/Core/AVR8/Pipe_AVR8.o
 .text          0x0000000000000000        0x0 LUFA/Drivers/USB/Core/AVR8/USBController_AVR8.o
 .data          0x0000000000000000        0x0 LUFA/Drivers/USB/Core/AVR8/USBController_AVR8.o
 .bss           0x0000000000000000        0x0 LUFA/Drivers/USB/Core/AVR8/USBController_AVR8.o
 .text.USB_Disable
                0x0000000000000000       0x2e LUFA/Drivers/USB/Core/AVR8/USBController_AVR8.o
 .text          0x0000000000000000        0x0 LUFA/Drivers/USB/Core/AVR8/USBInterrupt_AVR8.o
 .data          0x0000000000000000        0x0 LUFA/Drivers/USB/Core/AVR8/USBInterrupt_AVR8.o
 .bss           0x0000000000000000        0x0 LUFA/Drivers/USB/Core/AVR8/USBInterrupt_AVR8.o
 .text          0x0000000000000000        0x0 LUFA/Drivers/USB/Core/ConfigDescriptors.o
 .data          0x0000000000000000        0x0 LUFA/Drivers/USB/Core/ConfigDescriptors.o
 .bss           0x0000000000000000        0x0 LUFA/Drivers/USB/Core/ConfigDescriptors.o
 .text.USB_GetNextDescriptor
                0x0000000000000000       0x3c LUFA/Drivers/USB/Core/ConfigDescriptors.o
 .text.USB_GetNextDescriptorOfType
                0x0000000000000000       0x48 LUFA/Drivers/USB/Core/ConfigDescriptors.o
 .text.USB_GetNextDescriptorOfTypeBefore
                0x0000000000000000       0x58 LUFA/Drivers/USB/Core/ConfigDescriptors.o
 .text.USB_GetNextDescriptorOfTypeAfter
                0x0000000000000000       0x3e LUFA/Drivers/USB/Core/ConfigDescriptors.o
 .text.USB_GetNextDescriptorComp
                0x0000000000000000       0x66 LUFA/Drivers/USB/Core/ConfigDescriptors.o
 .debug_info    0x0000000000000000      0x3cd LUFA/Drivers/USB/Core/ConfigDescriptors.o
 .debug_abbrev  0x0000000000000000      0x183 LUFA/Drivers/USB/Core/ConfigDescriptors.o
 .debug_loc     0x0000000000000000      0x5bd LUFA/Drivers/USB/Core/ConfigDescriptors.o
 .debug_aranges
                0x0000000000000000       0x40 LUFA/Drivers/USB/Core/ConfigDescriptors.o
 .debug_ranges  0x0000000000000000       0x30 LUFA/Drivers/USB/Core/ConfigDescriptors.o
 .debug_line    0x0000000000000000      0x127 LUFA/Drivers/USB/Core/ConfigDescriptors.o
 .debug_str     0x0000000000000000      0x3fe LUFA/Drivers/USB/Core/ConfigDescriptors.o
 .comment       0x0000000000000000       0x28 LUFA/Drivers/USB/Core/ConfigDescriptors.o
 .debug_frame   0x0000000000000000      0x108 LUFA/Drivers/USB/Core/ConfigDescriptors.o
 .text          0x0000000000000000        0x0 LUFA/Drivers/USB/Core/DeviceStandardReq.o
 .data          0x0000000000000000        0x0 LUFA/Drivers/USB/Core/DeviceStandardReq.o
 .bss           0x0000000000000000        0x0 LUFA/Drivers/USB/Core/DeviceStandardReq.o
 .text          0x0000000000000000        0x0 LUFA/Drivers/USB/Core/Events.o
 .data          0x0000000000000000        0x0 LUFA/Drivers/USB/Core/Events.o
 .bss           0x0000000000000000        0x0 LUFA/Drivers/USB/Core/Events.o
 .text          0x0000000000000000        0x0 LUFA/Drivers/USB/Core/HostStandardReq.o
 .data          0x0000000000000000        0x0 LUFA/Drivers/USB/Core/HostStandardReq.o
 .bss           0x0000000000000000        0x0 LUFA/Drivers/USB/Core/HostStandardReq.o
 .debug_info    0x0000000000000000       0x56 LUFA/Drivers/USB/Core/HostStandardReq.o
 .debug_abbrev  0x0000000000000000       0x26 LUFA/Drivers/USB/Core/HostStandardReq.o
 .debug_aranges
                0x0000000000000000       0x18 LUFA/Drivers/USB/Core/HostStandardReq.o
 .debug_line    0x0000000000000000       0x1d LUFA/Drivers/USB/Core/HostStandardReq.o
 .debug_str     0x0000000000000000      0x1b6 LUFA/Drivers/USB/Core/HostStandardReq.o
 .comment       0x0000000000000000       0x28 LUFA/Drivers/USB/Core/HostStandardReq.o
 .text          0x0000000000000000        0x0 LUFA/Drivers/USB/Core/USBTask.o
 .data          0x0000000000000000        0x0 LUFA/Drivers/USB/Core/USBTask.o
 .bss           0x0000000000000000        0x0 LUFA/Drivers/USB/Core/USBTask.o
 .text          0x0000000000000000        0x0 LUFA/Drivers/USB/Class/Device/AudioClassDevice.o
 .data          0x0000000000000000        0x0 LUFA/Drivers/USB/Class/Device/AudioClassDevice.o
 .bss           0x0000000000000000        0x0 LUFA/Drivers/USB/Class/Device/AudioClassDevice.o
 .text.Audio_Device_ConfigureEndpoints
                0x0000000000000000       0x32 LUFA/Drivers/USB/Class/Device/AudioClassDevice.o
 .text.Audio_Device_Event_Stub
                0x0000000000000000        0x2 LUFA/Drivers/USB/Class/Device/AudioClassDevice.o
 .text.Audio_Device_ProcessControlRequest
                0x0000000000000000      0x2e4 LUFA/Drivers/USB/Class/Device/AudioClassDevice.o
 .debug_info    0x0000000000000000      0x8fc LUFA/Drivers/USB/Class/Device/AudioClassDevice.o
 .debug_abbrev  0x0000000000000000      0x20c LUFA/Drivers/USB/Class/Device/AudioClassDevice.o
 .debug_loc     0x0000000000000000      0x37c LUFA/Drivers/USB/Class/Device/AudioClassDevice.o
 .debug_aranges
                0x0000000000000000       0x30 LUFA/Drivers/USB/Class/Device/AudioClassDevice.o
 .debug_ranges  0x0000000000000000       0x20 LUFA/Drivers/USB/Class/Device/AudioClassDevice.o
 .debug_line    0x0000000000000000      0x2b5 LUFA/Drivers/USB/Class/Device/AudioClassDevice.o
 .debug_str     0x0000000000000000      0x6d2 LUFA/Drivers/USB/Class/Device/AudioClassDevice.o
 .comment       0x0000000000000000       0x28 LUFA/Drivers/USB/Class/Device/AudioClassDevice.o
 .debug_frame   0x0000000000000000       0xa8 LUFA/Drivers/USB/Class/Device/AudioClassDevice.o
 .text          0x0000000000000000        0x0 LUFA/Drivers/USB/Class/Device/CDCClassDevice.o
 .data          0x0000000000000000        0x0 LUFA/Drivers/USB/Class/Device/CDCClassDevice.o
 .bss           0x0000000000000000        0x0 LUFA/Drivers/USB/Class/Device/CDCClassDevice.o
 .text.CDC_Device_ConfigureEndpoints
                0x0000000000000000       0x50 LUFA/Drivers/USB/Class/Device/CDCClassDevice.o
 .text.CDC_Device_SendString
                0x0000000000000000       0x42 LUFA/Drivers/USB/Class/Device/CDCClassDevice.o
 .text.CDC_Device_SendData
                0x0000000000000000       0x34 LUFA/Drivers/USB/Class/Device/CDCClassDevice.o
 .text.CDC_Device_SendByte
                0x0000000000000000       0x58 LUFA/Drivers/USB/Class/Device/CDCClassDevice.o
 .text.CDC_Device_putchar
                0x0000000000000000       0x22 LUFA/Drivers/USB/Class/Device/CDCClassDevice.o
 .text.CDC_Device_Flush
                0x0000000000000000       0x56 LUFA/Drivers/USB/Class/Device/CDCClassDevice.o
 .text.CDC_Device_USBTask
                0x0000000000000000       0x2e LUFA/Drivers/USB/Class/Device/CDCClassDevice.o
 .text.CDC_Device_BytesReceived
                0x0000000000000000       0x4a LUFA/Drivers/USB/Class/Device/CDCClassDevice.o
 .text.CDC_Device_ReceiveByte
                0x0000000000000000       0x5a LUFA/Drivers/USB/Class/Device/CDCClassDevice.o
 .text.CDC_Device_getchar
                0x0000000000000000       0x14 LUFA/Drivers/USB/Class/Device/CDCClassDevice.o
 .text.CDC_Device_getchar_Blocking
                0x0000000000000000       0x32 LUFA/Drivers/USB/Class/Device/CDCClassDevice.o
 .rodata        0x0000000000000000        0x8 LUFA/Drivers/USB/Class/Device/CDCClassDevice.o
 .text.CDC_Device_SendControlLineStateChange
                0x0000000000000000       0x8e LUFA/Drivers/USB/Class/Device/CDCClassDevice.o
 .text.CDC_Device_CreateStream
                0x0000000000000000       0x26 LUFA/Drivers/USB/Class/Device/CDCClassDevice.o
 .text.CDC_Device_CreateBlockingStream
                0x0000000000000000       0x26 LUFA/Drivers/USB/Class/Device/CDCClassDevice.o
 .text.CDC_Device_Event_Stub
                0x0000000000000000        0x2 LUFA/Drivers/USB/Class/Device/CDCClassDevice.o
 .text.CDC_Device_ProcessControlRequest
                0x0000000000000000      0x16e LUFA/Drivers/USB/Class/Device/CDCClassDevice.o
 .debug_info    0x0000000000000000      0xe94 LUFA/Drivers/USB/Class/Device/CDCClassDevice.o
 .debug_abbrev  0x0000000000000000      0x41d LUFA/Drivers/USB/Class/Device/CDCClassDevice.o
 .debug_loc     0x0000000000000000      0x86f LUFA/Drivers/USB/Class/Device/CDCClassDevice.o
 .debug_aranges
                0x0000000000000000       0x98 LUFA/Drivers/USB/Class/Device/CDCClassDevice.o
 .debug_ranges  0x0000000000000000       0x88 LUFA/Drivers/USB/Class/Device/CDCClassDevice.o
 .debug_line    0x0000000000000000      0x523 LUFA/Drivers/USB/Class/Device/CDCClassDevice.o
 .debug_str     0x0000000000000000      0xa2c LUFA/Drivers/USB/Class/Device/CDCClassDevice.o
 .comment       0x0000000000000000       0x28 LUFA/Drivers/USB/Class/Device/CDCClassDevice.o
 .debug_frame   0x0000000000000000      0x164 LUFA/Drivers/USB/Class/Device/CDCClassDevice.o
 .text          0x0000000000000000        0x0 LUFA/Drivers/USB/Class/Device/HIDClassDevice.o
 .data          0x0000000000000000        0x0 LUFA/Drivers/USB/Class/Device/HIDClassDevice.o
 .bss           0x0000000000000000        0x0 LUFA/Drivers/USB/Class/Device/HIDClassDevice.o
 .text          0x0000000000000000        0x0 LUFA/Drivers/USB/Class/Device/MassStorageClassDevice.o
 .data          0x0000000000000000        0x0 LUFA/Drivers/USB/Class/Device/MassStorageClassDevice.o
 .bss           0x0000000000000000        0x0 LUFA/Drivers/USB/Class/Device/MassStorageClassDevice.o
 .text.MS_Device_ProcessControlRequest
                0x0000000000000000       0x86 LUFA/Drivers/USB/Class/Device/MassStorageClassDevice.o
 .text.MS_Device_ConfigureEndpoints
                0x0000000000000000       0x3e LUFA/Drivers/USB/Class/Device/MassStorageClassDevice.o
 .text.MS_Device_USBTask
                0x0000000000000000      0x240 LUFA/Drivers/USB/Class/Device/MassStorageClassDevice.o
 .debug_info    0x0000000000000000      0x977 LUFA/Drivers/USB/Class/Device/MassStorageClassDevice.o
 .debug_abbrev  0x0000000000000000      0x2b9 LUFA/Drivers/USB/Class/Device/MassStorageClassDevice.o
 .debug_loc     0x0000000000000000      0x2b8 LUFA/Drivers/USB/Class/Device/MassStorageClassDevice.o
 .debug_aranges
                0x0000000000000000       0x30 LUFA/Drivers/USB/Class/Device/MassStorageClassDevice.o
 .debug_ranges  0x0000000000000000       0x20 LUFA/Drivers/USB/Class/Device/MassStorageClassDevice.o
 .debug_line    0x0000000000000000      0x318 LUFA/Drivers/USB/Class/Device/MassStorageClassDevice.o
 .debug_str     0x0000000000000000      0x82a LUFA/Drivers/USB/Class/Device/MassStorageClassDevice.o
 .comment       0x0000000000000000       0x28 LUFA/Drivers/USB/Class/Device/MassStorageClassDevice.o
 .debug_frame   0x0000000000000000       0x80 LUFA/Drivers/USB/Class/Device/MassStorageClassDevice.o
 .text          0x0000000000000000        0x0 LUFA/Drivers/USB/Class/Device/MIDIClassDevice.o
 .data          0x0000000000000000        0x0 LUFA/Drivers/USB/Class/Device/MIDIClassDevice.o
 .bss           0x0000000000000000        0x0 LUFA/Drivers/USB/Class/Device/MIDIClassDevice.o
 .text.MIDI_Device_ConfigureEndpoints
                0x0000000000000000       0x32 LUFA/Drivers/USB/Class/Device/MIDIClassDevice.o
 .text.MIDI_Device_SendEventPacket
                0x0000000000000000       0x46 LUFA/Drivers/USB/Class/Device/MIDIClassDevice.o
 .text.MIDI_Device_Flush
                0x0000000000000000       0x2c LUFA/Drivers/USB/Class/Device/MIDIClassDevice.o
 .text.MIDI_Device_USBTask
                0x0000000000000000       0x22 LUFA/Drivers/USB/Class/Device/MIDIClassDevice.o
 .text.MIDI_Device_ReceiveEventPacket
                0x0000000000000000       0x4a LUFA/Drivers/USB/Class/Device/MIDIClassDevice.o
 .debug_info    0x0000000000000000      0x63b LUFA/Drivers/USB/Class/Device/MIDIClassDevice.o
 .debug_abbrev  0x0000000000000000      0x243 LUFA/Drivers/USB/Class/Device/MIDIClassDevice.o
 .debug_loc     0x0000000000000000      0x304 LUFA/Drivers/USB/Class/Device/MIDIClassDevice.o
 .debug_aranges
                0x0000000000000000       0x40 LUFA/Drivers/USB/Class/Device/MIDIClassDevice.o
 .debug_ranges  0x0000000000000000       0x30 LUFA/Drivers/USB/Class/Device/MIDIClassDevice.o
 .debug_line    0x0000000000000000      0x2a1 LUFA/Drivers/USB/Class/Device/MIDIClassDevice.o
 .debug_str     0x0000000000000000      0x693 LUFA/Drivers/USB/Class/Device/MIDIClassDevice.o
 .comment       0x0000000000000000       0x28 LUFA/Drivers/USB/Class/Device/MIDIClassDevice.o
 .debug_frame   0x0000000000000000       0x70 LUFA/Drivers/USB/Class/Device/MIDIClassDevice.o
 .text          0x0000000000000000        0x0 LUFA/Drivers/USB/Class/Device/PrinterClassDevice.o
 .data          0x0000000000000000        0x0 LUFA/Drivers/USB/Class/Device/PrinterClassDevice.o
 .bss           0x0000000000000000        0x0 LUFA/Drivers/USB/Class/Device/PrinterClassDevice.o
 .text.PRNT_Device_ConfigureEndpoints
                0x0000000000000000       0x38 LUFA/Drivers/USB/Class/Device/PrinterClassDevice.o
 .text.PRNT_Device_SendString
                0x0000000000000000       0x32 LUFA/Drivers/USB/Class/Device/PrinterClassDevice.o
 .text.PRNT_Device_SendData
                0x0000000000000000       0x24 LUFA/Drivers/USB/Class/Device/PrinterClassDevice.o
 .text.PRNT_Device_SendByte
                0x0000000000000000       0x40 LUFA/Drivers/USB/Class/Device/PrinterClassDevice.o
 .text.PRNT_Device_putchar
                0x0000000000000000       0x22 LUFA/Drivers/USB/Class/Device/PrinterClassDevice.o
 .text.PRNT_Device_Flush
                0x0000000000000000       0x46 LUFA/Drivers/USB/Class/Device/PrinterClassDevice.o
 .text.PRNT_Device_USBTask
                0x0000000000000000       0x9e LUFA/Drivers/USB/Class/Device/PrinterClassDevice.o
 .text.PRNT_Device_BytesReceived
                0x0000000000000000       0x3a LUFA/Drivers/USB/Class/Device/PrinterClassDevice.o
 .text.PRNT_Device_ReceiveByte
                0x0000000000000000       0x4a LUFA/Drivers/USB/Class/Device/PrinterClassDevice.o
 .text.PRNT_Device_getchar
                0x0000000000000000       0x14 LUFA/Drivers/USB/Class/Device/PrinterClassDevice.o
 .text.PRNT_Device_getchar_Blocking
                0x0000000000000000       0x32 LUFA/Drivers/USB/Class/Device/PrinterClassDevice.o
 .text.PRNT_Device_CreateStream
                0x0000000000000000       0x26 LUFA/Drivers/USB/Class/Device/PrinterClassDevice.o
 .text.PRNT_Device_CreateBlockingStream
                0x0000000000000000       0x26 LUFA/Drivers/USB/Class/Device/PrinterClassDevice.o
 .text.PRNT_Device_Event_Stub
                0x0000000000000000        0x2 LUFA/Drivers/USB/Class/Device/PrinterClassDevice.o
 .text.PRNT_Device_ProcessControlRequest
                0x0000000000000000       0xdc LUFA/Drivers/USB/Class/Device/PrinterClassDevice.o
 .debug_info    0x0000000000000000      0xcf7 LUFA/Drivers/USB/Class/Device/PrinterClassDevice.o
 .debug_abbrev  0x0000000000000000      0x350 LUFA/Drivers/USB/Class/Device/PrinterClassDevice.o
 .debug_loc     0x0000000000000000      0x837 LUFA/Drivers/USB/Class/Device/PrinterClassDevice.o
 .debug_aranges
                0x0000000000000000       0x90 LUFA/Drivers/USB/Class/Device/PrinterClassDevice.o
 .debug_ranges  0x0000000000000000       0x80 LUFA/Drivers/USB/Class/Device/PrinterClassDevice.o
 .debug_line    0x0000000000000000      0x466 LUFA/Drivers/USB/Class/Device/PrinterClassDevice.o
 .debug_str     0x0000000000000000      0x961 LUFA/Drivers/USB/Class/Device/PrinterClassDevice.o
 .comment       0x0000000000000000       0x28 LUFA/Drivers/USB/Class/Device/PrinterClassDevice.o
 .debug_frame   0x0000000000000000      0x13c LUFA/Drivers/USB/Class/Device/PrinterClassDevice.o
 .text          0x0000000000000000        0x0 LUFA/Drivers/USB/Class/Device/RNDISClassDevice.o
 .data          0x0000000000000000        0x0 LUFA/Drivers/USB/Class/Device/RNDISClassDevice.o
 .bss           0x0000000000000000        0x0 LUFA/Drivers/USB/Class/Device/RNDISClassDevice.o
 .text.RNDIS_Device_ProcessControlRequest
                0x0000000000000000      0x4ec LUFA/Drivers/USB/Class/Device/RNDISClassDevice.o
 .text.RNDIS_Device_ConfigureEndpoints
                0x0000000000000000       0x64 LUFA/Drivers/USB/Class/Device/RNDISClassDevice.o
 .rodata        0x0000000000000000        0x8 LUFA/Drivers/USB/Class/Device/RNDISClassDevice.o
 .text.RNDIS_Device_USBTask
                0x0000000000000000       0x80 LUFA/Drivers/USB/Class/Device/RNDISClassDevice.o
 .text.RNDIS_Device_IsPacketReceived
                0x0000000000000000       0x28 LUFA/Drivers/USB/Class/Device/RNDISClassDevice.o
 .text.RNDIS_Device_ReadPacket
                0x0000000000000000       0xb6 LUFA/Drivers/USB/Class/Device/RNDISClassDevice.o
 .text.RNDIS_Device_SendPacket
                0x0000000000000000       0xd4 LUFA/Drivers/USB/Class/Device/RNDISClassDevice.o
 .progmem.data  0x0000000000000000       0x6c LUFA/Drivers/USB/Class/Device/RNDISClassDevice.o
 .debug_info    0x0000000000000000     0x1166 LUFA/Drivers/USB/Class/Device/RNDISClassDevice.o
 .debug_abbrev  0x0000000000000000      0x376 LUFA/Drivers/USB/Class/Device/RNDISClassDevice.o
 .debug_loc     0x0000000000000000      0xdce LUFA/Drivers/USB/Class/Device/RNDISClassDevice.o
 .debug_aranges
                0x0000000000000000       0x48 LUFA/Drivers/USB/Class/Device/RNDISClassDevice.o
 .debug_ranges  0x0000000000000000       0x88 LUFA/Drivers/USB/Class/Device/RNDISClassDevice.o
 .debug_line    0x0000000000000000      0x401 LUFA/Drivers/USB/Class/Device/RNDISClassDevice.o
 .debug_str     0x0000000000000000      0xd94 LUFA/Drivers/USB/Class/Device/RNDISClassDevice.o
 .comment       0x0000000000000000       0x28 LUFA/Drivers/USB/Class/Device/RNDISClassDevice.o
 .debug_frame   0x0000000000000000      0x10c LUFA/Drivers/USB/Class/Device/RNDISClassDevice.o
 .text          0x0000000000000000        0x0 LUFA/Drivers/USB/Class/Host/AndroidAccessoryClassHost.o
 .data          0x0000000000000000        0x0 LUFA/Drivers/USB/Class/Host/AndroidAccessoryClassHost.o
 .bss           0x0000000000000000        0x0 LUFA/Drivers/USB/Class/Host/AndroidAccessoryClassHost.o
 .debug_info    0x0000000000000000       0x56 LUFA/Drivers/USB/Class/Host/AndroidAccessoryClassHost.o
 .debug_abbrev  0x0000000000000000       0x26 LUFA/Drivers/USB/Class/Host/AndroidAccessoryClassHost.o
 .debug_aranges
                0x0000000000000000       0x18 LUFA/Drivers/USB/Class/Host/AndroidAccessoryClassHost.o
 .debug_line    0x0000000000000000       0x1d LUFA/Drivers/USB/Class/Host/AndroidAccessoryClassHost.o
 .debug_str     0x0000000000000000      0x1c6 LUFA/Drivers/USB/Class/Host/AndroidAccessoryClassHost.o
 .comment       0x0000000000000000       0x28 LUFA/Drivers/USB/Class/Host/AndroidAccessoryClassHost.o
 .text          0x0000000000000000        0x0 LUFA/Drivers/USB/Class/Host/AudioClassHost.o
 .data          0x0000000000000000        0x0 LUFA/Drivers/USB/Class/Host/AudioClassHost.o
 .bss           0x0000000000000000        0x0 LUFA/Drivers/USB/Class/Host/AudioClassHost.o
 .debug_info    0x0000000000000000       0x56 LUFA/Drivers/USB/Class/Host/AudioClassHost.o
 .debug_abbrev  0x0000000000000000       0x26 LUFA/Drivers/USB/Class/Host/AudioClassHost.o
 .debug_aranges
                0x0000000000000000       0x18 LUFA/Drivers/USB/Class/Host/AudioClassHost.o
 .debug_line    0x0000000000000000       0x1d LUFA/Drivers/USB/Class/Host/AudioClassHost.o
 .debug_str     0x0000000000000000      0x1bb LUFA/Drivers/USB/Class/Host/AudioClassHost.o
 .comment       0x0000000000000000       0x28 LUFA/Drivers/USB/Class/Host/AudioClassHost.o
 .text          0x0000000000000000        0x0 LUFA/Drivers/USB/Class/Host/CDCClassHost.o
 .data          0x0000000000000000        0x0 LUFA/Drivers/USB/Class/Host/CDCClassHost.o
 .bss           0x0000000000000000        0x0 LUFA/Drivers/USB/Class/Host/CDCClassHost.o
 .debug_info    0x0000000000000000       0x56 LUFA/Drivers/USB/Class/Host/CDCClassHost.o
 .debug_abbrev  0x0000000000000000       0x26 LUFA/Drivers/USB/Class/Host/CDCClassHost.o
 .debug_aranges
                0x0000000000000000       0x18 LUFA/Drivers/USB/Class/Host/CDCClassHost.o
 .debug_line    0x0000000000000000       0x1d LUFA/Drivers/USB/Class/Host/CDCClassHost.o
 .debug_str     0x0000000000000000      0x1b9 LUFA/Drivers/USB/Class/Host/CDCClassHost.o
 .comment       0x0000000000000000       0x28 LUFA/Drivers/USB/Class/Host/CDCClassHost.o
 .text          0x0000000000000000        0x0 LUFA/Drivers/USB/Class/Host/HIDClassHost.o
 .data          0x0000000000000000        0x0 LUFA/Drivers/USB/Class/Host/HIDClassHost.o
 .bss           0x0000000000000000        0x0 LUFA/Drivers/USB/Class/Host/HIDClassHost.o
 .debug_info    0x0000000000000000       0x56 LUFA/Drivers/USB/Class/Host/HIDClassHost.o
 .debug_abbrev  0x0000000000000000       0x26 LUFA/Drivers/USB/Class/Host/HIDClassHost.o
 .debug_aranges
                0x0000000000000000       0x18 LUFA/Drivers/USB/Class/Host/HIDClassHost.o
 .debug_line    0x0000000000000000       0x1d LUFA/Drivers/USB/Class/Host/HIDClassHost.o
 .debug_str     0x0000000000000000      0x1b9 LUFA/Drivers/USB/Class/Host/HIDClassHost.o
 .comment       0x0000000000000000       0x28 LUFA/Drivers/USB/Class/Host/HIDClassHost.o
 .text          0x0000000000000000        0x0 LUFA/Drivers/USB/Class/Host/MassStorageClassHost.o
 .data          0x0000000000000000        0x0 LUFA/Drivers/USB/Class/Host/MassStorageClassHost.o
 .bss           0x0000000000000000        0x0 LUFA/Drivers/USB/Class/Host/MassStorageClassHost.o
 .debug_info    0x0000000000000000       0x56 LUFA/Drivers/USB/Class/Host/MassStorageClassHost.o
 .debug_abbrev  0x0000000000000000       0x26 LUFA/Drivers/USB/Class/Host/MassStorageClassHost.o
 .debug_aranges
                0x0000000000000000       0x18 LUFA/Drivers/USB/Class/Host/MassStorageClassHost.o
 .debug_line    0x0000000000000000       0x1d LUFA/Drivers/USB/Class/Host/MassStorageClassHost.o
 .debug_str     0x0000000000000000      0x1c1 LUFA/Drivers/USB/Class/Host/MassStorageClassHost.o
 .comment       0x0000000000000000       0x28 LUFA/Drivers/USB/Class/Host/MassStorageClassHost.o
 .text          0x0000000000000000        0x0 LUFA/Drivers/USB/Class/Host/MIDIClassHost.o
 .data          0x0000000000000000        0x0 LUFA/Drivers/USB/Class/Host/MIDIClassHost.o
 .bss           0x0000000000000000        0x0 LUFA/Drivers/USB/Class/Host/MIDIClassHost.o
 .debug_info    0x0000000000000000       0x56 LUFA/Drivers/USB/Class/Host/MIDIClassHost.o
 .debug_abbrev  0x0000000000000000       0x26 LUFA/Drivers/USB/Class/Host/MIDIClassHost.o
 .debug_aranges
                0x0000000000000000       0x18 LUFA/Drivers/USB/Class/Host/MIDIClassHost.o
 .debug_line    0x0000000000000000       0x1d LUFA/Drivers/USB/Class/Host/MIDIClassHost.o
 .debug_str     0x0000000000000000      0x1ba LUFA/Drivers/USB/Class/Host/MIDIClassHost.o
 .comment       0x0000000000000000       0x28 LUFA/Drivers/USB/Class/Host/MIDIClassHost.o
 .text          0x0000000000000000        0x0 LUFA/Drivers/USB/Class/Host/PrinterClassHost.o
 .data          0x0000000000000000        0x0 LUFA/Drivers/USB/Class/Host/PrinterClassHost.o
 .bss           0x0000000000000000        0x0 LUFA/Drivers/USB/Class/Host/PrinterClassHost.o
 .debug_info    0x0000000000000000       0x56 LUFA/Drivers/USB/Class/Host/PrinterClassHost.o
 .debug_abbrev  0x0000000000000000       0x26 LUFA/Drivers/USB/Class/Host/PrinterClassHost.o
 .debug_aranges
                0x0000000000000000       0x18 LUFA/Drivers/USB/Class/Host/PrinterClassHost.o
 .debug_line    0x0000000000000000       0x1d LUFA/Drivers/USB/Class/Host/PrinterClassHost.o
 .debug_str     0x0000000000000000      0x1bd LUFA/Drivers/USB/Class/Host/PrinterClassHost.o
 .comment       0x0000000000000000       0x28 LUFA/Drivers/USB/Class/Host/PrinterClassHost.o
 .text          0x0000000000000000        0x0 LUFA/Drivers/USB/Class/Host/RNDISClassHost.o
 .data          0x0000000000000000        0x0 LUFA/Drivers/USB/Class/Host/RNDISClassHost.o
 .bss           0x0000000000000000        0x0 LUFA/Drivers/USB/Class/Host/RNDISClassHost.o
 .debug_info    0x0000000000000000       0x56 LUFA/Drivers/USB/Class/Host/RNDISClassHost.o
 .debug_abbrev  0x0000000000000000       0x26 LUFA/Drivers/USB/Class/Host/RNDISClassHost.o
 .debug_aranges
                0x0000000000000000       0x18 LUFA/Drivers/USB/Class/Host/RNDISClassHost.o
 .debug_line    0x0000000000000000       0x1d LUFA/Drivers/USB/Class/Host/RNDISClassHost.o
 .debug_str     0x0000000000000000      0x1bb LUFA/Drivers/USB/Class/Host/RNDISClassHost.o
 .comment       0x0000000000000000       0x28 LUFA/Drivers/USB/Class/Host/RNDISClassHost.o
 .text          0x0000000000000000        0x0 LUFA/Drivers/USB/Class/Host/StillImageClassHost.o
 .data          0x0000000000000000        0x0 LUFA/Drivers/USB/Class/Host/StillImageClassHost.o
 .bss           0x0000000000000000        0x0 LUFA/Drivers/USB/Class/Host/StillImageClassHost.o
 .debug_info    0x0000000000000000       0x56 LUFA/Drivers/USB/Class/Host/StillImageClassHost.o
 .debug_abbrev  0x0000000000000000       0x26 LUFA/Drivers/USB/Class/Host/StillImageClassHost.o
 .debug_aranges
                0x0000000000000000       0x18 LUFA/Drivers/USB/Class/Host/StillImageClassHost.o
 .debug_line    0x0000000000000000       0x1d LUFA/Drivers/USB/Class/Host/StillImageClassHost.o
 .debug_str     0x0000000000000000      0x1c0 LUFA/Drivers/USB/Class/Host/StillImageClassHost.o
 .comment       0x0000000000000000       0x28 LUFA/Drivers/USB/Class/Host/StillImageClassHost.o
 .text          0x0000000000000000        0x0 /usr/lib/gcc/avr/4.9.2/avr35/libgcc.a(_mulhi3.o)
 .data          0x0000000000000000        0x0 /usr/lib/gcc/avr/4.9.2/avr35/libgcc.a(_mulhi3.o)
 .bss           0x0000000000000000        0x0 /usr/lib/gcc/avr/4.9.2/avr35/libgcc.a(_mulhi3.o)
 .text.libgcc.mul
                0x0000000000000000       0x22 /usr/lib/gcc/avr/4.9.2/avr35/libgcc.a(_mulhi3.o)
 .text.libgcc.div
                0x0000000000000000        0x0 /usr/lib/gcc/avr/4.9.2/avr35/libgcc.a(_mulhi3.o)
 .text.libgcc   0x0000000000000000        0x0 /usr/lib/gcc/avr/4.9.2/avr35/libgcc.a(_mulhi3.o)
 .text.libgcc.prologue
                0x0000000000000000        0x0 /usr/lib/gcc/avr/4.9.2/avr35/libgcc.a(_mulhi3.o)
 .text.libgcc.builtins
                0x0000000000000000        0x0 /usr/lib/gcc/avr/4.9.2/avr35/libgcc.a(_mulhi3.o)
 .text.libgcc.fmul
                0x0000000000000000        0x0 /usr/lib/gcc/avr/4.9.2/avr35/libgcc.a(_mulhi3.o)
 .text.libgcc.fixed
                0x0000000000000000        0x0 /usr/lib/gcc/avr/4.9.2/avr35/libgcc.a(_mulhi3.o)
 .text          0x0000000000000000        0x0 /usr/lib/gcc/avr/4.9.2/avr35/libgcc.a(_exit.o)
 .data          0x0000000000000000        0x0 /usr/lib/gcc/avr/4.9.2/avr35/libgcc.a(_exit.o)
 .bss           0x0000000000000000        0x0 /usr/lib/gcc/avr/4.9.2/avr35/libgcc.a(_exit.o)
 .text.libgcc.mul
                0x0000000000000000        0x0 /usr/lib/gcc/avr/4.9.2/avr35/libgcc.a(_exit.o)
 .text.libgcc.div
                0x0000000000000000        0x0 /usr/lib/gcc/avr/4.9.2/avr35/libgcc.a(_exit.o)
 .text.libgcc   0x0000000000000000        0x0 /usr/lib/gcc/avr/4.9.2/avr35/libgcc.a(_exit.o)
 .text.libgcc.prologue
                0x0000000000000000        0x0 /usr/lib/gcc/avr/4.9.2/avr35/libgcc.a(_exit.o)
 .text.libgcc.builtins
                0x0000000000000000        0x0 /usr/lib/gcc/avr/4.9.2/avr35/libgcc.a(_exit.o)
 .text.libgcc.fmul
                0x0000000000000000        0x0 /usr/lib/gcc/avr/4.9.2/avr35/libgcc.a(_exit.o)
 .text.libgcc.fixed
                0x0000000000000000        0x0 /usr/lib/gcc/avr/4.9.2/avr35/libgcc.a(_exit.o)
 .text          0x0000000000000000        0x0 /usr/lib/gcc/avr/4.9.2/avr35/libgcc.a(_copy_data.o)
 .data          0x0000000000000000        0x0 /usr/lib/gcc/avr/4.9.2/avr35/libgcc.a(_copy_data.o)
 .bss           0x0000000000000000        0x0 /usr/lib/gcc/avr/4.9.2/avr35/libgcc.a(_copy_data.o)
 .text.libgcc.mul
                0x0000000000000000        0x0 /usr/lib/gcc/avr/4.9.2/avr35/libgcc.a(_copy_data.o)
 .text.libgcc.div
                0x0000000000000000        0x0 /usr/lib/gcc/avr/4.9.2/avr35/libgcc.a(_copy_data.o)
 .text.libgcc   0x0000000000000000        0x0 /usr/lib/gcc/avr/4.9.2/avr35/libgcc.a(_copy_data.o)
 .text.libgcc.prologue
                0x0000000000000000        0x0 /usr/lib/gcc/avr/4.9.2/avr35/libgcc.a(_copy_data.o)
 .text.libgcc.builtins
                0x0000000000000000        0x0 /usr/lib/gcc/avr/4.9.2/avr35/libgcc.a(_copy_data.o)
 .text.libgcc.fmul
                0x0000000000000000        0x0 /usr/lib/gcc/avr/4.9.2/avr35/libgcc.a(_copy_data.o)
 .text.libgcc.fixed
                0x0000000000000000        0x0 /usr/lib/gcc/avr/4.9.2/avr35/libgcc.a(_copy_data.o)
 .text          0x0000000000000000        0x0 /usr/lib/gcc/avr/4.9.2/avr35/libgcc.a(_clear_bss.o)
 .data          0x0000000000000000        0x0 /usr/lib/gcc/avr/4.9.2/avr35/libgcc.a(_clear_bss.o)
 .bss           0x0000000000000000        0x0 /usr/lib/gcc/avr/4.9.2/avr35/libgcc.a(_clear_bss.o)
 .text.libgcc.mul
                0x0000000000000000        0x0 /usr/lib/gcc/avr/4.9.2/avr35/libgcc.a(_clear_bss.o)
 .text.libgcc.div
                0x0000000000000000        0x0 /usr/lib/gcc/avr/4.9.2/avr35/libgcc.a(_clear_bss.o)
 .text.libgcc   0x0000000000000000        0x0 /usr/lib/gcc/avr/4.9.2/avr35/libgcc.a(_clear_bss.o)
 .text.libgcc.prologue
                0x0000000000000000        0x0 /usr/lib/gcc/avr/4.9.2/avr35/libgcc.a(_clear_bss.o)
 .text.libgcc.builtins
                0x0000000000000000        0x0 /usr/lib/gcc/avr/4.9.2/avr35/libgcc.a(_clear_bss.o)
 .text.libgcc.fmul
                0x0000000000000000        0x0 /usr/lib/gcc/avr/4.9.2/avr35/libgcc.a(_clear_bss.o)
 .text.libgcc.fixed
                0x0000000000000000        0x0 /usr/lib/gcc/avr/4.9.2/avr35/libgcc.a(_clear_bss.o)
 .text          0x0000000000000000        0x0 /usr/lib/gcc/avr/4.9.2/../../../../avr/lib/avr35/libc.a(memcpy_P.o)
 .data          0x0000000000000000        0x0 /usr/lib/gcc/avr/4.9.2/../../../../avr/lib/avr35/libc.a(memcpy_P.o)
 .bss           0x0000000000000000        0x0 /usr/lib/gcc/avr/4.9.2/../../../../avr/lib/avr35/libc.a(memcpy_P.o)
 .text.avr-libc
                0x0000000000000000       0x12 /usr/lib/gcc/avr/4.9.2/../../../../avr/lib/avr35/libc.a(memcpy_P.o)
 .text          0x0000000000000000        0x0 /usr/lib/gcc/avr/4.9.2/../../../../avr/lib/avr35/libc.a(memcmp.o)
 .data          0x0000000000000000        0x0 /usr/lib/gcc/avr/4.9.2/../../../../avr/lib/avr35/libc.a(memcmp.o)
 .bss           0x0000000000000000        0x0 /usr/lib/gcc/avr/4.9.2/../../../../avr/lib/avr35/libc.a(memcmp.o)
 .text          0x0000000000000000        0x0 /usr/lib/gcc/avr/4.9.2/../../../../avr/lib/avr35/libc.a(memcpy.o)
 .data          0x0000000000000000        0x0 /usr/lib/gcc/avr/4.9.2/../../../../avr/lib/avr35/libc.a(memcpy.o)
 .bss           0x0000000000000000        0x0 /usr/lib/gcc/avr/4.9.2/../../../../avr/lib/avr35/libc.a(memcpy.o)
 .text          0x0000000000000000        0x0 /usr/lib/gcc/avr/4.9.2/../../../../avr/lib/avr35/libc.a(memset.o)
 .data          0x0000000000000000        0x0 /usr/lib/gcc/avr/4.9.2/../../../../avr/lib/avr35/libc.a(memset.o)
 .bss           0x0000000000000000        0x0 /usr/lib/gcc/avr/4.9.2/../../../../avr/lib/avr35/libc.a(memset.o)
 .text          0x0000000000000000        0x0 /usr/lib/gcc/avr/4.9.2/../../../../avr/lib/avr35/libc.a(eerd_byte_atmega32u2.o)
 .data          0x0000000000000000        0x0 /usr/lib/gcc/avr/4.9.2/../../../../avr/lib/avr35/libc.a(eerd_byte_atmega32u2.o)
 .bss           0x0000000000000000        0x0 /usr/lib/gcc/avr/4.9.2/../../../../avr/lib/avr35/libc.a(eerd_byte_atmega32u2.o)
 .text.avr-libc
                0x0000000000000000       0x10 /usr/lib/gcc/avr/4.9.2/../../../../avr/lib/avr35/libc.a(eerd_byte_atmega32u2.o)
 .text          0x0000000000000000        0x0 /usr/lib/gcc/avr/4.9.2/../../../../avr/lib/avr35/libc.a(eeupd_byte_atmega32u2.o)
 .data          0x0000000000000000        0x0 /usr/lib/gcc/avr/4.9.2/../../../../avr/lib/avr35/libc.a(eeupd_byte_atmega32u2.o)
 .bss           0x0000000000000000        0x0 /usr/lib/gcc/avr/4.9.2/../../../../avr/lib/avr35/libc.a(eeupd_byte_atmega32u2.o)
 .text.avr-libc
                0x0000000000000000       0x24 /usr/lib/gcc/avr/4.9.2/../../../../avr/lib/avr35/libc.a(eeupd_byte_atmega32u2.o)

Memory Configuration

Name             Origin             Length             Attributes
text             0x0000000000000000 0x0000000000010000 xr
data             0x0000000000800060 0x000000000000ffa0 rw !x
eeprom           0x0000000000810000 0x0000000000010000 rw !x
fuse             0x0000000000820000 0x0000000000000400 rw !x
lock             0x0000000000830000 0x0000000000000400 rw !x
signature        0x0000000000840000 0x0000000000000400 rw !x
*default*        0x0000000000000000 0xffffffffffffffff

Linker script and memory map

Address of section .data set to 0x800100
LOAD /usr/lib/gcc/avr/4.9.2/../../../../avr/lib/avr35/crtm32u2.o
LOAD Sgen-Firmware.o
LOAD Descriptors.o
LOAD LUFA/Drivers/USB/Class/Common/HIDParser.o
LOAD LUFA/Drivers/USB/Core/AVR8/Device_AVR8.o
LOAD LUFA/Drivers/USB/Core/AVR8/EndpointStream_AVR8.o
LOAD LUFA/Drivers/USB/Core/AVR8/Endpoint_AVR8.o
LOAD LUFA/Drivers/USB/Core/AVR8/Host_AVR8.o
LOAD LUFA/Drivers/USB/Core/AVR8/PipeStream_AVR8.o
LOAD LUFA/Drivers/USB/Core/AVR8/Pipe_AVR8.o
LOAD LUFA/Drivers/USB/Core/AVR8/USBController_AVR8.o
LOAD LUFA/Drivers/USB/Core/AVR8/USBInterrupt_AVR8.o
LOAD LUFA/Drivers/USB/Core/ConfigDescriptors.o
LOAD LUFA/Drivers/USB/Core/DeviceStandardReq.o
LOAD LUFA/Drivers/USB/Core/Events.o
LOAD LUFA/Drivers/USB/Core/HostStandardReq.o
LOAD LUFA/Drivers/USB/Core/USBTask.o
LOAD LUFA/Drivers/USB/Class/Device/AudioClassDevice.o
LOAD LUFA/Drivers/USB/Class/Device/CDCClassDevice.o
LOAD LUFA/Drivers/USB/Class/Device/HIDClassDevice.o
LOAD LUFA/Drivers/USB/Class/Device/MassStorageClassDevice.o
LOAD LUFA/Drivers/USB/Class/Device/MIDIClassDevice.o
LOAD LUFA/Drivers/USB/Class/Device/PrinterClassDevice.o
LOAD LUFA/Drivers/USB/Class/Device/RNDISClassDevice.o
LOAD LUFA/Drivers/USB/Class/Host/AndroidAccessoryClassHost.o
LOAD LUFA/Drivers/USB/Class/Host/AudioClassHost.o
LOAD LUFA/Drivers/USB/Class/Host/CDCClassHost.o
LOAD LUFA/Drivers/USB/Class/Host/HIDClassHost.o
LOAD LUFA/Drivers/USB/Class/Host/MassStorageClassHost.o
LOAD LUFA/Drivers/USB/Class/Host/MIDIClassHost.o
LOAD LUFA/Drivers/USB/Class/Host/PrinterClassHost.o
LOAD LUFA/Drivers/USB/Class/Host/RNDISClassHost.o
LOAD LUFA/Drivers/USB/Class/Host/StillImageClassHost.o
LOAD /usr/lib/gcc/avr/4.9.2/../../../../avr/lib/avr35/libm.a
START GROUP
LOAD /usr/lib/gcc/avr/4.9.2/avr35/libgcc.a
LOAD /usr/lib/gcc/avr/4.9.2/../../../../avr/lib/avr35/libm.a
LOAD /usr/lib/gcc/avr/4.9.2/../../../../avr/lib/avr35/libc.a
END GROUP

.hash
 *(.hash)

.dynsym
 *(.dynsym)

.dynstr
 *(.dynstr)

.gnu.version
 *(.gnu.version)

.gnu.version_d
 *(.gnu.version_d)

.gnu.version_r
 *(.gnu.version_r)

.rel.init
 *(.rel.init)

.rela.init
 *(.rela.init)

.rel.text
 *(.rel.text)
 *(.rel.text.*)
 *(.rel.gnu.linkonce.t*)

.rela.text
 *(.rela.text)
 *(.rela.text.*)
 *(.rela.gnu.linkonce.t*)

.rel.fini
 *(.rel.fini)

.rela.fini
 *(.rela.fini)

.rel.rodata
 *(.rel.rodata)
 *(.rel.rodata.*)
 *(.rel.gnu.linkonce.r*)

.rela.rodata
 *(.rela.rodata)
 *(.rela.rodata.*)
 *(.rela.gnu.linkonce.r*)

.rel.data
 *(.rel.data)
 *(.rel.data.*)
 *(.rel.gnu.linkonce.d*)

.rela.data
 *(.rela.data)
 *(.rela.data.*)
 *(.rela.gnu.linkonce.d*)

.rel.ctors
 *(.rel.ctors)

.rela.ctors
 *(.rela.ctors)

.rel.dtors
 *(.rel.dtors)

.rela.dtors
 *(.rela.dtors)

.rel.got
 *(.rel.got)

.rela.got
 *(.rela.got)

.rel.bss
 *(.rel.bss)

.rela.bss
 *(.rela.bss)

.rel.plt
 *(.rel.plt)

.rela.plt
 *(.rela.plt)

.text           0x0000000000000000     0x108e
 *(.vectors)
 .vectors       0x0000000000000000       0x74 /usr/lib/gcc/avr/4.9.2/../../../../avr/lib/avr35/crtm32u2.o
                0x0000000000000000                __vectors
                0x0000000000000000                __vector_default
 *(.vectors)
 *(.progmem.gcc*)
                0x0000000000000074                . = ALIGN (0x2)
                0x0000000000000074                __trampolines_start = .
 *(.trampolines)
 .trampolines   0x0000000000000074        0x0 linker stubs
 *(.trampolines*)
                0x0000000000000074                __trampolines_end = .
 *(.progmem*)
 .progmem.data  0x0000000000000074       0x92 Descriptors.o
                0x0000000000000074                ProductString
                0x0000000000000096                ManufacturerString
                0x00000000000000ae                LanguageString
                0x00000000000000b2                ConfigurationDescriptor
                0x00000000000000d4                DeviceDescriptor
                0x00000000000000e6                GenericReport
                0x0000000000000106                . = ALIGN (0x2)
 *(.jumptables)
 *(.jumptables*)
 *(.lowtext)
 *(.lowtext*)
                0x0000000000000106                __ctors_start = .
 *(.ctors)
                0x0000000000000106                __ctors_end = .
                0x0000000000000106                __dtors_start = .
 *(.dtors)
                0x0000000000000106                __dtors_end = .
 SORT(*)(.ctors)
 SORT(*)(.dtors)
 *(.init0)
 .init0         0x0000000000000106        0x0 /usr/lib/gcc/avr/4.9.2/../../../../avr/lib/avr35/crtm32u2.o
                0x0000000000000106                __init
 *(.init0)
 *(.init1)
 *(.init1)
 *(.init2)
 .init2         0x0000000000000106        0xc /usr/lib/gcc/avr/4.9.2/../../../../avr/lib/avr35/crtm32u2.o
 *(.init2)
 *(.init3)
 *(.init3)
 *(.init4)
 .init4         0x0000000000000112       0x16 /usr/lib/gcc/avr/4.9.2/avr35/libgcc.a(_copy_data.o)
                0x0000000000000112                __do_copy_data
 .init4         0x0000000000000128       0x10 /usr/lib/gcc/avr/4.9.2/avr35/libgcc.a(_clear_bss.o)
                0x0000000000000128                __do_clear_bss
 *(.init4)
 *(.init5)
 *(.init5)
 *(.init6)
 *(.init6)
 *(.init7)
 *(.init7)
 *(.init8)
 *(.init8)
 *(.init9)
 .init9         0x0000000000000138        0x4 /usr/lib/gcc/avr/4.9.2/../../../../avr/lib/avr35/crtm32u2.o
 *(.init9)
 *(.text)
 .text          0x000000000000013c        0x2 /usr/lib/gcc/avr/4.9.2/../../../../avr/lib/avr35/crtm32u2.o
                0x000000000000013c                __vector_22
                0x000000000000013c                __vector_28
                0x000000000000013c                __vector_1
                0x000000000000013c                __vector_24
                0x000000000000013c                __vector_12
                0x000000000000013c                __bad_interrupt
                0x000000000000013c                __vector_6
                0x000000000000013c                __vector_3
                0x000000000000013c                __vector_23
                0x000000000000013c                __vector_25
                0x000000000000013c                __vector_13
                0x000000000000013c                __vector_17
                0x000000000000013c                __vector_19
                0x000000000000013c                __vector_7
                0x000000000000013c                __vector_27
                0x000000000000013c                __vector_5
                0x000000000000013c                __vector_4
                0x000000000000013c                __vector_9
                0x000000000000013c                __vector_2
                0x000000000000013c                __vector_21
                0x000000000000013c                __vector_15
                0x000000000000013c                __vector_8
                0x000000000000013c                __vector_26
                0x000000000000013c                __vector_14
                0x000000000000013c                __vector_10
                0x000000000000013c                __vector_16
                0x000000000000013c                __vector_18
                0x000000000000013c                __vector_20
                0x000000000000013e                . = ALIGN (0x2)
 *(.text.*)
 .text.EVENT_USB_Device_Connect
                0x000000000000013e        0x2 Sgen-Firmware.o
                0x000000000000013e                EVENT_USB_Device_Connect
 .text.EVENT_USB_Device_Disconnect
                0x0000000000000140        0x2 Sgen-Firmware.o
                0x0000000000000140                EVENT_USB_Device_Disconnect
 .text.EVENT_USB_Device_ConfigurationChanged
                0x0000000000000142       0x12 Sgen-Firmware.o
                0x0000000000000142                EVENT_USB_Device_ConfigurationChanged
 .text.EVENT_USB_Device_ControlRequest
                0x0000000000000154        0x6 Sgen-Firmware.o
                0x0000000000000154                EVENT_USB_Device_ControlRequest
 .text.EVENT_USB_Device_StartOfFrame
                0x000000000000015a       0x18 Sgen-Firmware.o
                0x000000000000015a                EVENT_USB_Device_StartOfFrame
 .text.CALLBACK_HID_Device_CreateHIDReport
                0x0000000000000172       0x16 Sgen-Firmware.o
                0x0000000000000172                CALLBACK_HID_Device_CreateHIDReport
 .text.Output_data
                0x0000000000000188       0x8c Sgen-Firmware.o
                0x0000000000000188                Output_data
 .text.SetupHardware
                0x0000000000000214       0x66 Sgen-Firmware.o
                0x0000000000000214                SetupHardware
 .text.startup.main
                0x000000000000027a        0xe Sgen-Firmware.o
                0x000000000000027a                main
 .text.CALLBACK_HID_Device_ProcessHIDReport
                0x0000000000000288       0x50 Sgen-Firmware.o
                0x0000000000000288                CALLBACK_HID_Device_ProcessHIDReport
 .text.CALLBACK_USB_GetDescriptor
                0x00000000000002d8       0x86 Descriptors.o
                0x00000000000002d8                CALLBACK_USB_GetDescriptor
 .text.Endpoint_Write_Stream_LE
                0x000000000000035e       0x94 LUFA/Drivers/USB/Core/AVR8/EndpointStream_AVR8.o
                0x000000000000035e                Endpoint_Write_Stream_LE
 .text.Endpoint_Write_Control_Stream_LE
                0x00000000000003f2       0xc0 LUFA/Drivers/USB/Core/AVR8/EndpointStream_AVR8.o
                0x00000000000003f2                Endpoint_Write_Control_Stream_LE
 .text.Endpoint_Read_Control_Stream_LE
                0x00000000000004b2       0x78 LUFA/Drivers/USB/Core/AVR8/EndpointStream_AVR8.o
                0x00000000000004b2                Endpoint_Read_Control_Stream_LE
 .text.Endpoint_Write_Control_PStream_LE
                0x000000000000052a       0xbc LUFA/Drivers/USB/Core/AVR8/EndpointStream_AVR8.o
                0x000000000000052a                Endpoint_Write_Control_PStream_LE
 .text.Endpoint_ConfigureEndpoint_Prv
                0x00000000000005e6       0x6a LUFA/Drivers/USB/Core/AVR8/Endpoint_AVR8.o
                0x00000000000005e6                Endpoint_ConfigureEndpoint_Prv
 .text.Endpoint_ConfigureEndpointTable
                0x0000000000000650       0x92 LUFA/Drivers/USB/Core/AVR8/Endpoint_AVR8.o
                0x0000000000000650                Endpoint_ConfigureEndpointTable
 .text.Endpoint_ClearStatusStage
                0x00000000000006e2       0x3e LUFA/Drivers/USB/Core/AVR8/Endpoint_AVR8.o
                0x00000000000006e2                Endpoint_ClearStatusStage
 .text.Endpoint_WaitUntilReady
                0x0000000000000720       0x64 LUFA/Drivers/USB/Core/AVR8/Endpoint_AVR8.o
                0x0000000000000720                Endpoint_WaitUntilReady
 .text.USB_ResetInterface
                0x0000000000000784       0x72 LUFA/Drivers/USB/Core/AVR8/USBController_AVR8.o
                0x0000000000000784                USB_ResetInterface
 .text.USB_Init
                0x00000000000007f6       0x12 LUFA/Drivers/USB/Core/AVR8/USBController_AVR8.o
                0x00000000000007f6                USB_Init
 .text.USB_INT_DisableAllInterrupts
                0x0000000000000808        0x6 LUFA/Drivers/USB/Core/AVR8/USBInterrupt_AVR8.o
                0x0000000000000808                USB_INT_DisableAllInterrupts
 .text.USB_INT_ClearAllInterrupts
                0x000000000000080e        0x6 LUFA/Drivers/USB/Core/AVR8/USBInterrupt_AVR8.o
                0x000000000000080e                USB_INT_ClearAllInterrupts
 .text.__vector_11
                0x0000000000000814      0x148 LUFA/Drivers/USB/Core/AVR8/USBInterrupt_AVR8.o
                0x0000000000000814                __vector_11
 .text.USB_Device_ProcessControlRequest
                0x000000000000095c      0x2a4 LUFA/Drivers/USB/Core/DeviceStandardReq.o
                0x000000000000095c                USB_Device_ProcessControlRequest
 .text.USB_Event_Stub
                0x0000000000000c00        0x2 LUFA/Drivers/USB/Core/Events.o
                0x0000000000000c00                EVENT_USB_Device_WakeUp
                0x0000000000000c00                USB_Event_Stub
                0x0000000000000c00                EVENT_USB_Device_Suspend
                0x0000000000000c00                EVENT_USB_Device_Reset
 .text.USB_USBTask
                0x0000000000000c02       0x34 LUFA/Drivers/USB/Core/USBTask.o
                0x0000000000000c02                USB_USBTask
 .text.HID_Device_ProcessControlRequest
                0x0000000000000c36      0x270 LUFA/Drivers/USB/Class/Device/HIDClassDevice.o
                0x0000000000000c36                HID_Device_ProcessControlRequest
 .text.HID_Device_ConfigureEndpoints
                0x0000000000000ea6       0x26 LUFA/Drivers/USB/Class/Device/HIDClassDevice.o
                0x0000000000000ea6                HID_Device_ConfigureEndpoints
 .text.HID_Device_USBTask
                0x0000000000000ecc      0x184 LUFA/Drivers/USB/Class/Device/HIDClassDevice.o
                0x0000000000000ecc                HID_Device_USBTask
 .text.avr-libc
                0x0000000000001050       0x1a /usr/lib/gcc/avr/4.9.2/../../../../avr/lib/avr35/libc.a(memcmp.o)
                0x0000000000001050                memcmp
 .text.avr-libc
                0x000000000000106a       0x12 /usr/lib/gcc/avr/4.9.2/../../../../avr/lib/avr35/libc.a(memcpy.o)
                0x000000000000106a                memcpy
 .text.avr-libc
                0x000000000000107c        0xe /usr/lib/gcc/avr/4.9.2/../../../../avr/lib/avr35/libc.a(memset.o)
                0x000000000000107c                memset
                0x000000000000108a                . = ALIGN (0x2)
 *(.fini9)
 .fini9         0x000000000000108a        0x0 /usr/lib/gcc/avr/4.9.2/avr35/libgcc.a(_exit.o)
                0x000000000000108a                exit
                0x000000000000108a                _exit
 *(.fini9)
 *(.fini8)
 *(.fini8)
 *(.fini7)
 *(.fini7)
 *(.fini6)
 *(.fini6)
 *(.fini5)
 *(.fini5)
 *(.fini4)
 *(.fini4)
 *(.fini3)
 *(.fini3)
 *(.fini2)
 *(.fini2)
 *(.fini1)
 *(.fini1)
 *(.fini0)
 .fini0         0x000000000000108a        0x4 /usr/lib/gcc/avr/4.9.2/avr35/libgcc.a(_exit.o)
 *(.fini0)
                0x000000000000108e                _etext = .

.data           0x0000000000800100       0x28 load address 0x000000000000108e
                0x0000000000800100                PROVIDE (__data_start, .)
 *(.data)
 .data          0x0000000000800100       0x28 Sgen-Firmware.o
                0x0000000000800100                Generic_HID_Interface
                0x0000000000800110                Boot_Data
                0x000000000080011c                DeviceConfig
 *(.data*)
 *(.rodata)
 *(.rodata*)
 *(.gnu.linkonce.d*)
                0x0000000000800128                . = ALIGN (0x2)
                0x0000000000800128                _edata = .
                0x0000000000800128                PROVIDE (__data_end, .)

.bss            0x0000000000800128       0x17
                0x0000000000800128                PROVIDE (__bss_start, .)
 *(.bss)
 .bss           0x0000000000800128        0xa Sgen-Firmware.o
                0x0000000000800128                StatusDigiPoti
                0x0000000000800129                load_at_boot
 *(.bss*)
 *(COMMON)
 COMMON         0x0000000000800132        0x3 LUFA/Drivers/USB/Core/DeviceStandardReq.o
                0x0000000000800132                USB_Device_ConfigurationNumber
                0x0000000000800133                USB_Device_CurrentlySelfPowered
                0x0000000000800134                USB_Device_RemoteWakeupEnabled
 COMMON         0x0000000000800135        0xa LUFA/Drivers/USB/Core/USBTask.o
                0x0000000000800135                USB_IsInitialized
                0x0000000000800136                USB_DeviceState
                0x0000000000800137                USB_ControlRequest
                0x000000000080013f                PROVIDE (__bss_end, .)
                0x000000000000108e                __data_load_start = LOADADDR (.data)
                0x00000000000010b6                __data_load_end = (__data_load_start + SIZEOF (.data))

.noinit         0x000000000080013f        0x0
                0x000000000080013f                PROVIDE (__noinit_start, .)
 *(.noinit*)
                0x000000000080013f                PROVIDE (__noinit_end, .)
                0x000000000080013f                _end = .
                0x000000000080013f                PROVIDE (__heap_start, .)

.eeprom         0x0000000000810000        0x0
 *(.eeprom*)
                0x0000000000810000                __eeprom_end = .

.fuse
 *(.fuse)
 *(.lfuse)
 *(.hfuse)
 *(.efuse)

.lock
 *(.lock*)

.signature
 *(.signature*)

.stab
 *(.stab)

.stabstr
 *(.stabstr)

.stab.excl
 *(.stab.excl)

.stab.exclstr
 *(.stab.exclstr)

.stab.index
 *(.stab.index)

.stab.indexstr
 *(.stab.indexstr)

.comment        0x0000000000000000       0x27
 *(.comment)
 .comment       0x0000000000000000       0x27 Sgen-Firmware.o
                                         0x28 (size before relaxing)
 .comment       0x0000000000000027       0x28 Descriptors.o
 .comment       0x0000000000000027       0x28 LUFA/Drivers/USB/Core/AVR8/EndpointStream_AVR8.o
 .comment       0x0000000000000027       0x28 LUFA/Drivers/USB/Core/AVR8/Endpoint_AVR8.o
 .comment       0x0000000000000027       0x28 LUFA/Drivers/USB/Core/AVR8/USBController_AVR8.o
 .comment       0x0000000000000027       0x28 LUFA/Drivers/USB/Core/AVR8/USBInterrupt_AVR8.o
 .comment       0x0000000000000027       0x28 LUFA/Drivers/USB/Core/DeviceStandardReq.o
 .comment       0x0000000000000027       0x28 LUFA/Drivers/USB/Core/Events.o
 .comment       0x0000000000000027       0x28 LUFA/Drivers/USB/Core/USBTask.o
 .comment       0x0000000000000027       0x28 LUFA/Drivers/USB/Class/Device/HIDClassDevice.o

.note.gnu.build-id
 *(.note.gnu.build-id)

.debug
 *(.debug)

.line
 *(.line)

.debug_srcinfo
 *(.debug_srcinfo)

.debug_sfnames
 *(.debug_sfnames)

.debug_aranges  0x0000000000000000      0x280
 *(.debug_aranges)
 .debug_aranges
                0x0000000000000000       0x68 Sgen-Firmware.o
 .debug_aranges
                0x0000000000000068       0x20 Descriptors.o
 .debug_aranges
                0x0000000000000088       0xc8 LUFA/Drivers/USB/Core/AVR8/EndpointStream_AVR8.o
 .debug_aranges
                0x0000000000000150       0x40 LUFA/Drivers/USB/Core/AVR8/Endpoint_AVR8.o
 .debug_aranges
                0x0000000000000190       0x30 LUFA/Drivers/USB/Core/AVR8/USBController_AVR8.o
 .debug_aranges
                0x00000000000001c0       0x30 LUFA/Drivers/USB/Core/AVR8/USBInterrupt_AVR8.o
 .debug_aranges
                0x00000000000001f0       0x20 LUFA/Drivers/USB/Core/DeviceStandardReq.o
 .debug_aranges
                0x0000000000000210       0x20 LUFA/Drivers/USB/Core/Events.o
 .debug_aranges
                0x0000000000000230       0x20 LUFA/Drivers/USB/Core/USBTask.o
 .debug_aranges
                0x0000000000000250       0x30 LUFA/Drivers/USB/Class/Device/HIDClassDevice.o

.debug_pubnames
 *(.debug_pubnames)

.debug_info     0x0000000000000000     0x56a2
 *(.debug_info .gnu.linkonce.wi.*)
 .debug_info    0x0000000000000000      0x6ba /usr/lib/gcc/avr/4.9.2/../../../../avr/lib/avr35/crtm32u2.o
 .debug_info    0x00000000000006ba      0x950 Sgen-Firmware.o
 .debug_info    0x000000000000100a      0x6e6 Descriptors.o
 .debug_info    0x00000000000016f0     0x183c LUFA/Drivers/USB/Core/AVR8/EndpointStream_AVR8.o
 .debug_info    0x0000000000002f2c      0x614 LUFA/Drivers/USB/Core/AVR8/Endpoint_AVR8.o
 .debug_info    0x0000000000003540      0x46a LUFA/Drivers/USB/Core/AVR8/USBController_AVR8.o
 .debug_info    0x00000000000039aa      0x5b7 LUFA/Drivers/USB/Core/AVR8/USBInterrupt_AVR8.o
 .debug_info    0x0000000000003f61      0xa57 LUFA/Drivers/USB/Core/DeviceStandardReq.o
 .debug_info    0x00000000000049b8       0x78 LUFA/Drivers/USB/Core/Events.o
 .debug_info    0x0000000000004a30      0x26b LUFA/Drivers/USB/Core/USBTask.o
 .debug_info    0x0000000000004c9b      0xa07 LUFA/Drivers/USB/Class/Device/HIDClassDevice.o

.debug_abbrev   0x0000000000000000     0x19a9
 *(.debug_abbrev)
 .debug_abbrev  0x0000000000000000      0x65d /usr/lib/gcc/avr/4.9.2/../../../../avr/lib/avr35/crtm32u2.o
 .debug_abbrev  0x000000000000065d      0x37c Sgen-Firmware.o
 .debug_abbrev  0x00000000000009d9      0x166 Descriptors.o
 .debug_abbrev  0x0000000000000b3f      0x215 LUFA/Drivers/USB/Core/AVR8/EndpointStream_AVR8.o
 .debug_abbrev  0x0000000000000d54      0x213 LUFA/Drivers/USB/Core/AVR8/Endpoint_AVR8.o
 .debug_abbrev  0x0000000000000f67      0x18d LUFA/Drivers/USB/Core/AVR8/USBController_AVR8.o
 .debug_abbrev  0x00000000000010f4      0x1d5 LUFA/Drivers/USB/Core/AVR8/USBInterrupt_AVR8.o
 .debug_abbrev  0x00000000000012c9      0x2c9 LUFA/Drivers/USB/Core/DeviceStandardReq.o
 .debug_abbrev  0x0000000000001592       0x44 LUFA/Drivers/USB/Core/Events.o
 .debug_abbrev  0x00000000000015d6      0x168 LUFA/Drivers/USB/Core/USBTask.o
 .debug_abbrev  0x000000000000173e      0x26b LUFA/Drivers/USB/Class/Device/HIDClassDevice.o

.debug_line     0x0000000000000000     0x1f4f
 *(.debug_line .debug_line.* .debug_line_end)
 .debug_line    0x0000000000000000       0x1d /usr/lib/gcc/avr/4.9.2/../../../../avr/lib/avr35/crtm32u2.o
 .debug_line    0x000000000000001d      0x35b Sgen-Firmware.o
 .debug_line    0x0000000000000378      0x150 Descriptors.o
 .debug_line    0x00000000000004c8      0xac6 LUFA/Drivers/USB/Core/AVR8/EndpointStream_AVR8.o
 .debug_line    0x0000000000000f8e      0x306 LUFA/Drivers/USB/Core/AVR8/Endpoint_AVR8.o
 .debug_line    0x0000000000001294      0x20d LUFA/Drivers/USB/Core/AVR8/USBController_AVR8.o
 .debug_line    0x00000000000014a1      0x2ef LUFA/Drivers/USB/Core/AVR8/USBInterrupt_AVR8.o
 .debug_line    0x0000000000001790      0x2e1 LUFA/Drivers/USB/Core/DeviceStandardReq.o
 .debug_line    0x0000000000001a71       0x4e LUFA/Drivers/USB/Core/Events.o
 .debug_line    0x0000000000001abf      0x120 LUFA/Drivers/USB/Core/USBTask.o
 .debug_line    0x0000000000001bdf      0x370 LUFA/Drivers/USB/Class/Device/HIDClassDevice.o

.debug_frame    0x0000000000000000      0x774
 *(.debug_frame)
 .debug_frame   0x0000000000000000       0xcc Sgen-Firmware.o
 .debug_frame   0x00000000000000cc       0x24 Descriptors.o
 .debug_frame   0x00000000000000f0      0x3bc LUFA/Drivers/USB/Core/AVR8/EndpointStream_AVR8.o
 .debug_frame   0x00000000000004ac       0x84 LUFA/Drivers/USB/Core/AVR8/Endpoint_AVR8.o
 .debug_frame   0x0000000000000530       0x44 LUFA/Drivers/USB/Core/AVR8/USBController_AVR8.o
 .debug_frame   0x0000000000000574       0x8c LUFA/Drivers/USB/Core/AVR8/USBInterrupt_AVR8.o
 .debug_frame   0x0000000000000600       0x3c LUFA/Drivers/USB/Core/DeviceStandardReq.o
 .debug_frame   0x000000000000063c       0x24 LUFA/Drivers/USB/Core/Events.o
 .debug_frame   0x0000000000000660       0x2c LUFA/Drivers/USB/Core/USBTask.o
 .debug_frame   0x000000000000068c       0xe8 LUFA/Drivers/USB/Class/Device/HIDClassDevice.o

.debug_str      0x0000000000000000     0x2191
 *(.debug_str)
 .debug_str     0x0000000000000000      0x262 /usr/lib/gcc/avr/4.9.2/../../../../avr/lib/avr35/crtm32u2.o
 .debug_str     0x0000000000000262      0x638 Sgen-Firmware.o
                                        0x6b1 (size before relaxing)
 .debug_str     0x000000000000089a      0x6f2 Descriptors.o
                                        0x950 (size before relaxing)
 .debug_str     0x0000000000000f8c      0x678 LUFA/Drivers/USB/Core/AVR8/EndpointStream_AVR8.o
                                        0x885 (size before relaxing)
 .debug_str     0x0000000000001604      0x2d0 LUFA/Drivers/USB/Core/AVR8/Endpoint_AVR8.o
                                        0x638 (size before relaxing)
 .debug_str     0x00000000000018d4      0x1eb LUFA/Drivers/USB/Core/AVR8/USBController_AVR8.o
                                        0x54e (size before relaxing)
 .debug_str     0x0000000000001abf       0xaf LUFA/Drivers/USB/Core/AVR8/USBInterrupt_AVR8.o
                                        0x4f9 (size before relaxing)
 .debug_str     0x0000000000001b6e      0x439 LUFA/Drivers/USB/Core/DeviceStandardReq.o
                                        0x9ea (size before relaxing)
 .debug_str     0x0000000000001fa7       0x2e LUFA/Drivers/USB/Core/Events.o
                                        0x1bc (size before relaxing)
 .debug_str     0x0000000000001fd5       0x58 LUFA/Drivers/USB/Core/USBTask.o
                                        0x39d (size before relaxing)
 .debug_str     0x000000000000202d      0x164 LUFA/Drivers/USB/Class/Device/HIDClassDevice.o
                                        0x724 (size before relaxing)

.debug_loc      0x0000000000000000     0x3130
 *(.debug_loc)
 .debug_loc     0x0000000000000000      0x2e4 Sgen-Firmware.o
 .debug_loc     0x00000000000002e4      0x24b Descriptors.o
 .debug_loc     0x000000000000052f     0x1e88 LUFA/Drivers/USB/Core/AVR8/EndpointStream_AVR8.o
 .debug_loc     0x00000000000023b7      0x3df LUFA/Drivers/USB/Core/AVR8/Endpoint_AVR8.o
 .debug_loc     0x0000000000002796      0x21f LUFA/Drivers/USB/Core/AVR8/USBInterrupt_AVR8.o
 .debug_loc     0x00000000000029b5      0x2e7 LUFA/Drivers/USB/Core/DeviceStandardReq.o
 .debug_loc     0x0000000000002c9c       0x49 LUFA/Drivers/USB/Core/USBTask.o
 .debug_loc     0x0000000000002ce5      0x44b LUFA/Drivers/USB/Class/Device/HIDClassDevice.o

.debug_macinfo
 *(.debug_macinfo)

.debug_weaknames
 *(.debug_weaknames)

.debug_funcnames
 *(.debug_funcnames)

.debug_typenames
 *(.debug_typenames)

.debug_varnames
 *(.debug_varnames)

.debug_pubtypes
 *(.debug_pubtypes)

.debug_ranges   0x0000000000000000      0x380
 *(.debug_ranges)
 .debug_ranges  0x0000000000000000       0x58 Sgen-Firmware.o
 .debug_ranges  0x0000000000000058       0x10 Descriptors.o
 .debug_ranges  0x0000000000000068      0x1f8 LUFA/Drivers/USB/Core/AVR8/EndpointStream_AVR8.o
 .debug_ranges  0x0000000000000260       0x78 LUFA/Drivers/USB/Core/AVR8/Endpoint_AVR8.o
 .debug_ranges  0x00000000000002d8       0x20 LUFA/Drivers/USB/Core/AVR8/USBController_AVR8.o
 .debug_ranges  0x00000000000002f8       0x20 LUFA/Drivers/USB/Core/AVR8/USBInterrupt_AVR8.o
 .debug_ranges  0x0000000000000318       0x28 LUFA/Drivers/USB/Core/DeviceStandardReq.o
 .debug_ranges  0x0000000000000340       0x10 LUFA/Drivers/USB/Core/Events.o
 .debug_ranges  0x0000000000000350       0x10 LUFA/Drivers/USB/Core/USBTask.o
 .debug_ranges  0x0000000000000360       0x20 LUFA/Drivers/USB/Class/Device/HIDClassDevice.o

.debug_macro
 *(.debug_macro)
OUTPUT(Sgen-Firmware.elf elf32-avr)
LOAD linker stubs

Cross Reference Table

Symbol                                            File
Audio_Device_ConfigureEndpoints                   LUFA/Drivers/USB/Class/Device/AudioClassDevice.o
Audio_Device_Event_Stub                           LUFA/Drivers/USB/Class/Device/AudioClassDevice.o
Audio_Device_ProcessControlRequest                LUFA/Drivers/USB/Class/Device/AudioClassDevice.o
Boot_Data                                         Sgen-Firmware.o
CALLBACK_Audio_Device_GetSetEndpointProperty      LUFA/Drivers/USB/Class/Device/AudioClassDevice.o
CALLBACK_Audio_Device_GetSetInterfaceProperty     LUFA/Drivers/USB/Class/Device/AudioClassDevice.o
CALLBACK_HIDParser_FilterHIDReportItem            LUFA/Drivers/USB/Class/Common/HIDParser.o
CALLBACK_HID_Device_CreateHIDReport               Sgen-Firmware.o
                                                  LUFA/Drivers/USB/Class/Device/HIDClassDevice.o
CALLBACK_HID_Device_ProcessHIDReport              Sgen-Firmware.o
                                                  LUFA/Drivers/USB/Class/Device/HIDClassDevice.o
CALLBACK_MS_Device_SCSICommandReceived            LUFA/Drivers/USB/Class/Device/MassStorageClassDevice.o
CALLBACK_USB_GetDescriptor                        Descriptors.o
                                                  LUFA/Drivers/USB/Core/DeviceStandardReq.o
CDC_Device_BytesReceived                          LUFA/Drivers/USB/Class/Device/CDCClassDevice.o
CDC_Device_ConfigureEndpoints                     LUFA/Drivers/USB/Class/Device/CDCClassDevice.o
CDC_Device_CreateBlockingStream                   LUFA/Drivers/USB/Class/Device/CDCClassDevice.o
CDC_Device_CreateStream                           LUFA/Drivers/USB/Class/Device/CDCClassDevice.o
CDC_Device_Event_Stub                             LUFA/Drivers/USB/Class/Device/CDCClassDevice.o
CDC_Device_Flush                                  LUFA/Drivers/USB/Class/Device/CDCClassDevice.o
CDC_Device_ProcessControlRequest                  LUFA/Drivers/USB/Class/Device/CDCClassDevice.o
CDC_Device_ReceiveByte                            LUFA/Drivers/USB/Class/Device/CDCClassDevice.o
CDC_Device_SendByte                               LUFA/Drivers/USB/Class/Device/CDCClassDevice.o
CDC_Device_SendControlLineStateChange             LUFA/Drivers/USB/Class/Device/CDCClassDevice.o
CDC_Device_SendData                               LUFA/Drivers/USB/Class/Device/CDCClassDevice.o
CDC_Device_SendString                             LUFA/Drivers/USB/Class/Device/CDCClassDevice.o
CDC_Device_USBTask                                LUFA/Drivers/USB/Class/Device/CDCClassDevice.o
ConfigurationDescriptor                           Descriptors.o
DeviceConfig                                      Sgen-Firmware.o
DeviceDescriptor                                  Descriptors.o
EVENT_Audio_Device_StreamStartStop                LUFA/Drivers/USB/Class/Device/AudioClassDevice.o
EVENT_CDC_Device_BreakSent                        LUFA/Drivers/USB/Class/Device/CDCClassDevice.o
EVENT_CDC_Device_ControLineStateChanged           LUFA/Drivers/USB/Class/Device/CDCClassDevice.o
EVENT_CDC_Device_LineEncodingChanged              LUFA/Drivers/USB/Class/Device/CDCClassDevice.o
EVENT_PRNT_Device_SoftReset                       LUFA/Drivers/USB/Class/Device/PrinterClassDevice.o
EVENT_USB_Device_ConfigurationChanged             Sgen-Firmware.o
                                                  LUFA/Drivers/USB/Core/DeviceStandardReq.o
EVENT_USB_Device_Connect                          Sgen-Firmware.o
                                                  LUFA/Drivers/USB/Core/AVR8/USBInterrupt_AVR8.o
EVENT_USB_Device_ControlRequest                   Sgen-Firmware.o
                                                  LUFA/Drivers/USB/Core/DeviceStandardReq.o
EVENT_USB_Device_Disconnect                       Sgen-Firmware.o
                                                  LUFA/Drivers/USB/Core/AVR8/USBInterrupt_AVR8.o
EVENT_USB_Device_Reset                            LUFA/Drivers/USB/Core/Events.o
                                                  LUFA/Drivers/USB/Core/AVR8/USBInterrupt_AVR8.o
EVENT_USB_Device_StartOfFrame                     Sgen-Firmware.o
                                                  LUFA/Drivers/USB/Core/AVR8/USBInterrupt_AVR8.o
EVENT_USB_Device_Suspend                          LUFA/Drivers/USB/Core/Events.o
EVENT_USB_Device_WakeUp                           LUFA/Drivers/USB/Core/Events.o
Endpoint_ClearEndpoints                           LUFA/Drivers/USB/Core/AVR8/Endpoint_AVR8.o
Endpoint_ClearStatusStage                         LUFA/Drivers/USB/Core/AVR8/Endpoint_AVR8.o
                                                  LUFA/Drivers/USB/Class/Device/PrinterClassDevice.o
                                                  LUFA/Drivers/USB/Class/Device/MassStorageClassDevice.o
                                                  LUFA/Drivers/USB/Class/Device/HIDClassDevice.o
                                                  LUFA/Drivers/USB/Class/Device/CDCClassDevice.o
                                                  LUFA/Drivers/USB/Class/Device/AudioClassDevice.o
                                                  LUFA/Drivers/USB/Core/DeviceStandardReq.o
Endpoint_ConfigureEndpointTable                   LUFA/Drivers/USB/Core/AVR8/Endpoint_AVR8.o
                                                  LUFA/Drivers/USB/Class/Device/RNDISClassDevice.o
                                                  LUFA/Drivers/USB/Class/Device/PrinterClassDevice.o
                                                  LUFA/Drivers/USB/Class/Device/MIDIClassDevice.o
                                                  LUFA/Drivers/USB/Class/Device/MassStorageClassDevice.o
                                                  LUFA/Drivers/USB/Class/Device/HIDClassDevice.o
                                                  LUFA/Drivers/USB/Class/Device/CDCClassDevice.o
                                                  LUFA/Drivers/USB/Class/Device/AudioClassDevice.o
Endpoint_ConfigureEndpoint_Prv                    LUFA/Drivers/USB/Core/AVR8/Endpoint_AVR8.o
                                                  LUFA/Drivers/USB/Core/AVR8/USBInterrupt_AVR8.o
                                                  LUFA/Drivers/USB/Core/AVR8/USBController_AVR8.o
Endpoint_Discard_Stream                           LUFA/Drivers/USB/Core/AVR8/EndpointStream_AVR8.o
Endpoint_Null_Stream                              LUFA/Drivers/USB/Core/AVR8/EndpointStream_AVR8.o
Endpoint_Read_Control_EStream_BE                  LUFA/Drivers/USB/Core/AVR8/EndpointStream_AVR8.o
Endpoint_Read_Control_EStream_LE                  LUFA/Drivers/USB/Core/AVR8/EndpointStream_AVR8.o
Endpoint_Read_Control_Stream_BE                   LUFA/Drivers/USB/Core/AVR8/EndpointStream_AVR8.o
Endpoint_Read_Control_Stream_LE                   LUFA/Drivers/USB/Core/AVR8/EndpointStream_AVR8.o
                                                  LUFA/Drivers/USB/Class/Device/RNDISClassDevice.o
                                                  LUFA/Drivers/USB/Class/Device/HIDClassDevice.o
                                                  LUFA/Drivers/USB/Class/Device/AudioClassDevice.o
Endpoint_Read_EStream_BE                          LUFA/Drivers/USB/Core/AVR8/EndpointStream_AVR8.o
Endpoint_Read_EStream_LE                          LUFA/Drivers/USB/Core/AVR8/EndpointStream_AVR8.o
Endpoint_Read_Stream_BE                           LUFA/Drivers/USB/Core/AVR8/EndpointStream_AVR8.o
Endpoint_Read_Stream_LE                           LUFA/Drivers/USB/Core/AVR8/EndpointStream_AVR8.o
                                                  LUFA/Drivers/USB/Class/Device/RNDISClassDevice.o
                                                  LUFA/Drivers/USB/Class/Device/MIDIClassDevice.o
                                                  LUFA/Drivers/USB/Class/Device/MassStorageClassDevice.o
Endpoint_WaitUntilReady                           LUFA/Drivers/USB/Core/AVR8/Endpoint_AVR8.o
                                                  LUFA/Drivers/USB/Class/Device/RNDISClassDevice.o
                                                  LUFA/Drivers/USB/Class/Device/PrinterClassDevice.o
                                                  LUFA/Drivers/USB/Class/Device/MIDIClassDevice.o
                                                  LUFA/Drivers/USB/Class/Device/CDCClassDevice.o
                                                  LUFA/Drivers/USB/Core/AVR8/EndpointStream_AVR8.o
Endpoint_Write_Control_EStream_BE                 LUFA/Drivers/USB/Core/AVR8/EndpointStream_AVR8.o
Endpoint_Write_Control_EStream_LE                 LUFA/Drivers/USB/Core/AVR8/EndpointStream_AVR8.o
Endpoint_Write_Control_PStream_BE                 LUFA/Drivers/USB/Core/AVR8/EndpointStream_AVR8.o
Endpoint_Write_Control_PStream_LE                 LUFA/Drivers/USB/Core/AVR8/EndpointStream_AVR8.o
                                                  LUFA/Drivers/USB/Core/DeviceStandardReq.o
Endpoint_Write_Control_Stream_BE                  LUFA/Drivers/USB/Core/AVR8/EndpointStream_AVR8.o
Endpoint_Write_Control_Stream_LE                  LUFA/Drivers/USB/Core/AVR8/EndpointStream_AVR8.o
                                                  LUFA/Drivers/USB/Class/Device/RNDISClassDevice.o
                                                  LUFA/Drivers/USB/Class/Device/PrinterClassDevice.o
                                                  LUFA/Drivers/USB/Class/Device/HIDClassDevice.o
                                                  LUFA/Drivers/USB/Class/Device/AudioClassDevice.o
                                                  LUFA/Drivers/USB/Core/DeviceStandardReq.o
Endpoint_Write_EStream_BE                         LUFA/Drivers/USB/Core/AVR8/EndpointStream_AVR8.o
Endpoint_Write_EStream_LE                         LUFA/Drivers/USB/Core/AVR8/EndpointStream_AVR8.o
Endpoint_Write_PStream_BE                         LUFA/Drivers/USB/Core/AVR8/EndpointStream_AVR8.o
Endpoint_Write_PStream_LE                         LUFA/Drivers/USB/Core/AVR8/EndpointStream_AVR8.o
Endpoint_Write_Stream_BE                          LUFA/Drivers/USB/Core/AVR8/EndpointStream_AVR8.o
Endpoint_Write_Stream_LE                          LUFA/Drivers/USB/Core/AVR8/EndpointStream_AVR8.o
                                                  LUFA/Drivers/USB/Class/Device/RNDISClassDevice.o
                                                  LUFA/Drivers/USB/Class/Device/PrinterClassDevice.o
                                                  LUFA/Drivers/USB/Class/Device/MIDIClassDevice.o
                                                  LUFA/Drivers/USB/Class/Device/MassStorageClassDevice.o
                                                  LUFA/Drivers/USB/Class/Device/HIDClassDevice.o
                                                  LUFA/Drivers/USB/Class/Device/CDCClassDevice.o
GenericReport                                     Descriptors.o
Generic_HID_Interface                             Sgen-Firmware.o
HID_Device_ConfigureEndpoints                     LUFA/Drivers/USB/Class/Device/HIDClassDevice.o
                                                  Sgen-Firmware.o
HID_Device_ProcessControlRequest                  LUFA/Drivers/USB/Class/Device/HIDClassDevice.o
                                                  Sgen-Firmware.o
HID_Device_USBTask                                LUFA/Drivers/USB/Class/Device/HIDClassDevice.o
                                                  Sgen-Firmware.o
LanguageString                                    Descriptors.o
MIDI_Device_ConfigureEndpoints                    LUFA/Drivers/USB/Class/Device/MIDIClassDevice.o
MIDI_Device_Flush                                 LUFA/Drivers/USB/Class/Device/MIDIClassDevice.o
MIDI_Device_ReceiveEventPacket                    LUFA/Drivers/USB/Class/Device/MIDIClassDevice.o
MIDI_Device_SendEventPacket                       LUFA/Drivers/USB/Class/Device/MIDIClassDevice.o
MIDI_Device_USBTask                               LUFA/Drivers/USB/Class/Device/MIDIClassDevice.o
MS_Device_ConfigureEndpoints                      LUFA/Drivers/USB/Class/Device/MassStorageClassDevice.o
MS_Device_ProcessControlRequest                   LUFA/Drivers/USB/Class/Device/MassStorageClassDevice.o
MS_Device_USBTask                                 LUFA/Drivers/USB/Class/Device/MassStorageClassDevice.o
ManufacturerString                                Descriptors.o
Output_data                                       Sgen-Firmware.o
PRNT_Device_BytesReceived                         LUFA/Drivers/USB/Class/Device/PrinterClassDevice.o
PRNT_Device_ConfigureEndpoints                    LUFA/Drivers/USB/Class/Device/PrinterClassDevice.o
PRNT_Device_CreateBlockingStream                  LUFA/Drivers/USB/Class/Device/PrinterClassDevice.o
PRNT_Device_CreateStream                          LUFA/Drivers/USB/Class/Device/PrinterClassDevice.o
PRNT_Device_Event_Stub                            LUFA/Drivers/USB/Class/Device/PrinterClassDevice.o
PRNT_Device_Flush                                 LUFA/Drivers/USB/Class/Device/PrinterClassDevice.o
PRNT_Device_ProcessControlRequest                 LUFA/Drivers/USB/Class/Device/PrinterClassDevice.o
PRNT_Device_ReceiveByte                           LUFA/Drivers/USB/Class/Device/PrinterClassDevice.o
PRNT_Device_SendByte                              LUFA/Drivers/USB/Class/Device/PrinterClassDevice.o
PRNT_Device_SendData                              LUFA/Drivers/USB/Class/Device/PrinterClassDevice.o
PRNT_Device_SendString                            LUFA/Drivers/USB/Class/Device/PrinterClassDevice.o
PRNT_Device_USBTask                               LUFA/Drivers/USB/Class/Device/PrinterClassDevice.o
ProductString                                     Descriptors.o
RNDIS_Device_ConfigureEndpoints                   LUFA/Drivers/USB/Class/Device/RNDISClassDevice.o
RNDIS_Device_IsPacketReceived                     LUFA/Drivers/USB/Class/Device/RNDISClassDevice.o
RNDIS_Device_ProcessControlRequest                LUFA/Drivers/USB/Class/Device/RNDISClassDevice.o
RNDIS_Device_ReadPacket                           LUFA/Drivers/USB/Class/Device/RNDISClassDevice.o
RNDIS_Device_SendPacket                           LUFA/Drivers/USB/Class/Device/RNDISClassDevice.o
RNDIS_Device_USBTask                              LUFA/Drivers/USB/Class/Device/RNDISClassDevice.o
SetupHardware                                     Sgen-Firmware.o
StatusDigiPoti                                    Sgen-Firmware.o
USB_ControlRequest                                LUFA/Drivers/USB/Core/USBTask.o
                                                  LUFA/Drivers/USB/Class/Device/RNDISClassDevice.o
                                                  LUFA/Drivers/USB/Class/Device/PrinterClassDevice.o
                                                  LUFA/Drivers/USB/Class/Device/MassStorageClassDevice.o
                                                  LUFA/Drivers/USB/Class/Device/HIDClassDevice.o
                                                  LUFA/Drivers/USB/Class/Device/CDCClassDevice.o
                                                  LUFA/Drivers/USB/Class/Device/AudioClassDevice.o
                                                  LUFA/Drivers/USB/Core/DeviceStandardReq.o
                                                  LUFA/Drivers/USB/Core/AVR8/Endpoint_AVR8.o
                                                  LUFA/Drivers/USB/Core/AVR8/EndpointStream_AVR8.o
USB_DeviceState                                   LUFA/Drivers/USB/Core/USBTask.o
                                                  LUFA/Drivers/USB/Class/Device/RNDISClassDevice.o
                                                  LUFA/Drivers/USB/Class/Device/PrinterClassDevice.o
                                                  LUFA/Drivers/USB/Class/Device/MIDIClassDevice.o
                                                  LUFA/Drivers/USB/Class/Device/MassStorageClassDevice.o
                                                  LUFA/Drivers/USB/Class/Device/HIDClassDevice.o
                                                  LUFA/Drivers/USB/Class/Device/CDCClassDevice.o
                                                  LUFA/Drivers/USB/Core/DeviceStandardReq.o
                                                  LUFA/Drivers/USB/Core/AVR8/USBInterrupt_AVR8.o
                                                  LUFA/Drivers/USB/Core/AVR8/USBController_AVR8.o
                                                  LUFA/Drivers/USB/Core/AVR8/Endpoint_AVR8.o
                                                  LUFA/Drivers/USB/Core/AVR8/EndpointStream_AVR8.o
USB_Device_ConfigurationNumber                    LUFA/Drivers/USB/Core/DeviceStandardReq.o
                                                  LUFA/Drivers/USB/Core/AVR8/USBInterrupt_AVR8.o
                                                  LUFA/Drivers/USB/Core/AVR8/USBController_AVR8.o
USB_Device_CurrentlySelfPowered                   LUFA/Drivers/USB/Core/DeviceStandardReq.o
                                                  LUFA/Drivers/USB/Core/AVR8/USBController_AVR8.o
USB_Device_ProcessControlRequest                  LUFA/Drivers/USB/Core/DeviceStandardReq.o
                                                  LUFA/Drivers/USB/Core/USBTask.o
USB_Device_RemoteWakeupEnabled                    LUFA/Drivers/USB/Core/DeviceStandardReq.o
                                                  LUFA/Drivers/USB/Core/AVR8/USBController_AVR8.o
USB_Device_SendRemoteWakeup                       LUFA/Drivers/USB/Core/AVR8/Device_AVR8.o
USB_Disable                                       LUFA/Drivers/USB/Core/AVR8/USBController_AVR8.o
USB_Event_Stub                                    LUFA/Drivers/USB/Core/Events.o
USB_GetHIDReportItemInfo                          LUFA/Drivers/USB/Class/Common/HIDParser.o
USB_GetHIDReportSize                              LUFA/Drivers/USB/Class/Common/HIDParser.o
USB_GetNextDescriptorComp                         LUFA/Drivers/USB/Core/ConfigDescriptors.o
USB_GetNextDescriptorOfType                       LUFA/Drivers/USB/Core/ConfigDescriptors.o
USB_GetNextDescriptorOfTypeAfter                  LUFA/Drivers/USB/Core/ConfigDescriptors.o
USB_GetNextDescriptorOfTypeBefore                 LUFA/Drivers/USB/Core/ConfigDescriptors.o
USB_INT_ClearAllInterrupts                        LUFA/Drivers/USB/Core/AVR8/USBInterrupt_AVR8.o
                                                  LUFA/Drivers/USB/Core/AVR8/USBController_AVR8.o
USB_INT_DisableAllInterrupts                      LUFA/Drivers/USB/Core/AVR8/USBInterrupt_AVR8.o
                                                  LUFA/Drivers/USB/Core/AVR8/USBController_AVR8.o
USB_Init                                          LUFA/Drivers/USB/Core/AVR8/USBController_AVR8.o
                                                  Sgen-Firmware.o
USB_IsInitialized                                 LUFA/Drivers/USB/Core/USBTask.o
                                                  LUFA/Drivers/USB/Core/AVR8/USBController_AVR8.o
USB_ProcessHIDReport                              LUFA/Drivers/USB/Class/Common/HIDParser.o
USB_ResetInterface                                LUFA/Drivers/USB/Core/AVR8/USBController_AVR8.o
USB_SetHIDReportItemInfo                          LUFA/Drivers/USB/Class/Common/HIDParser.o
USB_USBTask                                       LUFA/Drivers/USB/Core/USBTask.o
                                                  LUFA/Drivers/USB/Class/Device/PrinterClassDevice.o
                                                  LUFA/Drivers/USB/Class/Device/MassStorageClassDevice.o
                                                  LUFA/Drivers/USB/Class/Device/CDCClassDevice.o
                                                  LUFA/Drivers/USB/Core/AVR8/EndpointStream_AVR8.o
                                                  Sgen-Firmware.o
__bad_interrupt                                   /usr/lib/gcc/avr/4.9.2/../../../../avr/lib/avr35/crtm32u2.o
__bss_end                                         /usr/lib/gcc/avr/4.9.2/avr35/libgcc.a(_clear_bss.o)
__bss_start                                       /usr/lib/gcc/avr/4.9.2/avr35/libgcc.a(_clear_bss.o)
__data_end                                        /usr/lib/gcc/avr/4.9.2/avr35/libgcc.a(_copy_data.o)
__data_load_start                                 /usr/lib/gcc/avr/4.9.2/avr35/libgcc.a(_copy_data.o)
__data_start                                      /usr/lib/gcc/avr/4.9.2/avr35/libgcc.a(_copy_data.o)
__do_clear_bss                                    /usr/lib/gcc/avr/4.9.2/avr35/libgcc.a(_clear_bss.o)
                                                  LUFA/Drivers/USB/Core/USBTask.o
                                                  LUFA/Drivers/USB/Core/DeviceStandardReq.o
                                                  Sgen-Firmware.o
__do_copy_data                                    /usr/lib/gcc/avr/4.9.2/avr35/libgcc.a(_copy_data.o)
                                                  LUFA/Drivers/USB/Class/Device/RNDISClassDevice.o
                                                  LUFA/Drivers/USB/Class/Device/CDCClassDevice.o
                                                  Sgen-Firmware.o
__eerd_byte_m32u2                                 /usr/lib/gcc/avr/4.9.2/../../../../avr/lib/avr35/libc.a(eerd_byte_atmega32u2.o)
                                                  LUFA/Drivers/USB/Core/AVR8/EndpointStream_AVR8.o
__eeupd_byte_m32u2                                /usr/lib/gcc/avr/4.9.2/../../../../avr/lib/avr35/libc.a(eeupd_byte_atmega32u2.o)
                                                  LUFA/Drivers/USB/Core/AVR8/EndpointStream_AVR8.o
__eeupd_r18_m32u2                                 /usr/lib/gcc/avr/4.9.2/../../../../avr/lib/avr35/libc.a(eeupd_byte_atmega32u2.o)
__heap_end                                        /usr/lib/gcc/avr/4.9.2/../../../../avr/lib/avr35/crtm32u2.o
__init                                            /usr/lib/gcc/avr/4.9.2/../../../../avr/lib/avr35/crtm32u2.o
__mulhi3                                          /usr/lib/gcc/avr/4.9.2/avr35/libgcc.a(_mulhi3.o)
                                                  LUFA/Drivers/USB/Class/Common/HIDParser.o
__stack                                           /usr/lib/gcc/avr/4.9.2/../../../../avr/lib/avr35/crtm32u2.o
__vector_1                                        /usr/lib/gcc/avr/4.9.2/../../../../avr/lib/avr35/crtm32u2.o
__vector_10                                       /usr/lib/gcc/avr/4.9.2/../../../../avr/lib/avr35/crtm32u2.o
__vector_11                                       LUFA/Drivers/USB/Core/AVR8/USBInterrupt_AVR8.o
                                                  /usr/lib/gcc/avr/4.9.2/../../../../avr/lib/avr35/crtm32u2.o
__vector_12                                       /usr/lib/gcc/avr/4.9.2/../../../../avr/lib/avr35/crtm32u2.o
__vector_13                                       /usr/lib/gcc/avr/4.9.2/../../../../avr/lib/avr35/crtm32u2.o
__vector_14                                       /usr/lib/gcc/avr/4.9.2/../../../../avr/lib/avr35/crtm32u2.o
__vector_15                                       /usr/lib/gcc/avr/4.9.2/../../../../avr/lib/avr35/crtm32u2.o
__vector_16                                       /usr/lib/gcc/avr/4.9.2/../../../../avr/lib/avr35/crtm32u2.o
__vector_17                                       /usr/lib/gcc/avr/4.9.2/../../../../avr/lib/avr35/crtm32u2.o
__vector_18                                       /usr/lib/gcc/avr/4.9.2/../../../../avr/lib/avr35/crtm32u2.o
__vector_19                                       /usr/lib/gcc/avr/4.9.2/../../../../avr/lib/avr35/crtm32u2.o
__vector_2                                        /usr/lib/gcc/avr/4.9.2/../../../../avr/lib/avr35/crtm32u2.o
__vector_20                                       /usr/lib/gcc/avr/4.9.2/../../../../avr/lib/avr35/crtm32u2.o
__vector_21                                       /usr/lib/gcc/avr/4.9.2/../../../../avr/lib/avr35/crtm32u2.o
__vector_22                                       /usr/lib/gcc/avr/4.9.2/../../../../avr/lib/avr35/crtm32u2.o
__vector_23                                       /usr/lib/gcc/avr/4.9.2/../../../../avr/lib/avr35/crtm32u2.o
__vector_24                                       /usr/lib/gcc/avr/4.9.2/../../../../avr/lib/avr35/crtm32u2.o
__vector_25                                       /usr/lib/gcc/avr/4.9.2/../../../../avr/lib/avr35/crtm32u2.o
__vector_26                                       /usr/lib/gcc/avr/4.9.2/../../../../avr/lib/avr35/crtm32u2.o
__vector_27                                       /usr/lib/gcc/avr/4.9.2/../../../../avr/lib/avr35/crtm32u2.o
__vector_28                                       /usr/lib/gcc/avr/4.9.2/../../../../avr/lib/avr35/crtm32u2.o
__vector_3                                        /usr/lib/gcc/avr/4.9.2/../../../../avr/lib/avr35/crtm32u2.o
__vector_4                                        /usr/lib/gcc/avr/4.9.2/../../../../avr/lib/avr35/crtm32u2.o
__vector_5                                        /usr/lib/gcc/avr/4.9.2/../../../../avr/lib/avr35/crtm32u2.o
__vector_6                                        /usr/lib/gcc/avr/4.9.2/../../../../avr/lib/avr35/crtm32u2.o
__vector_7                                        /usr/lib/gcc/avr/4.9.2/../../../../avr/lib/avr35/crtm32u2.o
__vector_8                                        /usr/lib/gcc/avr/4.9.2/../../../../avr/lib/avr35/crtm32u2.o
__vector_9                                        /usr/lib/gcc/avr/4.9.2/../../../../avr/lib/avr35/crtm32u2.o
__vector_default                                  /usr/lib/gcc/avr/4.9.2/../../../../avr/lib/avr35/crtm32u2.o
__vectors                                         /usr/lib/gcc/avr/4.9.2/../../../../avr/lib/avr35/crtm32u2.o
_exit                                             /usr/lib/gcc/avr/4.9.2/avr35/libgcc.a(_exit.o)
exit                                              /usr/lib/gcc/avr/4.9.2/avr35/libgcc.a(_exit.o)
                                                  /usr/lib/gcc/avr/4.9.2/../../../../avr/lib/avr35/crtm32u2.o
load_at_boot                                      Sgen-Firmware.o
main                                              Sgen-Firmware.o
                                                  /usr/lib/gcc/avr/4.9.2/../../../../avr/lib/avr35/crtm32u2.o
memcmp                                            /usr/lib/gcc/avr/4.9.2/../../../../avr/lib/avr35/libc.a(memcmp.o)
                                                  LUFA/Drivers/USB/Class/Device/HIDClassDevice.o
memcpy                                            /usr/lib/gcc/avr/4.9.2/../../../../avr/lib/avr35/libc.a(memcpy.o)
                                                  LUFA/Drivers/USB/Class/Device/RNDISClassDevice.o
                                                  LUFA/Drivers/USB/Class/Device/HIDClassDevice.o
memcpy_P                                          /usr/lib/gcc/avr/4.9.2/../../../../avr/lib/avr35/libc.a(memcpy_P.o)
                                                  LUFA/Drivers/USB/Class/Device/RNDISClassDevice.o
memset                                            /usr/lib/gcc/avr/4.9.2/../../../../avr/lib/avr35/libc.a(memset.o)
                                                  LUFA/Drivers/USB/Class/Device/HIDClassDevice.o
